Archive member included to satisfy reference by file (symbol)

/root/BOLOS_ENV/gcc-arm-none-eabi-5_3-2016q1/bin/../lib/gcc/arm-none-eabi/5.3.1/armv6-m/libgcc.a(_udivsi3.o)
                              obj/curve25519_i64.o (__aeabi_uidiv)
/root/BOLOS_ENV/gcc-arm-none-eabi-5_3-2016q1/bin/../lib/gcc/arm-none-eabi/5.3.1/armv6-m/libgcc.a(_dvmd_tls.o)
                              /root/BOLOS_ENV/gcc-arm-none-eabi-5_3-2016q1/bin/../lib/gcc/arm-none-eabi/5.3.1/armv6-m/libgcc.a(_udivsi3.o) (__aeabi_idiv0)
/root/BOLOS_ENV/gcc-arm-none-eabi-5_3-2016q1/bin/../lib/gcc/arm-none-eabi/5.3.1/armv6-m/libgcc.a(_muldi3.o)
                              obj/curve25519_i64.o (__aeabi_lmul)
/root/BOLOS_ENV/gcc-arm-none-eabi-5_3-2016q1/bin/../lib/gcc/arm-none-eabi/5.3.1/../../../../arm-none-eabi/lib/armv6-m/libc.a(lib_a-aeabi_memclr.o)
                              obj/curve25519_i64.o (__aeabi_memclr)
/root/BOLOS_ENV/gcc-arm-none-eabi-5_3-2016q1/bin/../lib/gcc/arm-none-eabi/5.3.1/../../../../arm-none-eabi/lib/armv6-m/libc.a(lib_a-aeabi_memcpy.o)
                              obj/curve25519_i64.o (__aeabi_memcpy)
/root/BOLOS_ENV/gcc-arm-none-eabi-5_3-2016q1/bin/../lib/gcc/arm-none-eabi/5.3.1/../../../../arm-none-eabi/lib/armv6-m/libc.a(lib_a-aeabi_memset.o)
                              obj/os.o (__aeabi_memset)
/root/BOLOS_ENV/gcc-arm-none-eabi-5_3-2016q1/bin/../lib/gcc/arm-none-eabi/5.3.1/../../../../arm-none-eabi/lib/armv6-m/libc.a(lib_a-memcpy-stub.o)
                              /root/BOLOS_ENV/gcc-arm-none-eabi-5_3-2016q1/bin/../lib/gcc/arm-none-eabi/5.3.1/../../../../arm-none-eabi/lib/armv6-m/libc.a(lib_a-aeabi_memcpy.o) (memcpy)
/root/BOLOS_ENV/gcc-arm-none-eabi-5_3-2016q1/bin/../lib/gcc/arm-none-eabi/5.3.1/../../../../arm-none-eabi/lib/armv6-m/libc.a(lib_a-memset.o)
                              /root/BOLOS_ENV/gcc-arm-none-eabi-5_3-2016q1/bin/../lib/gcc/arm-none-eabi/5.3.1/../../../../arm-none-eabi/lib/armv6-m/libc.a(lib_a-aeabi_memset.o) (memset)
/root/BOLOS_ENV/gcc-arm-none-eabi-5_3-2016q1/bin/../lib/gcc/arm-none-eabi/5.3.1/../../../../arm-none-eabi/lib/armv6-m/libc.a(lib_a-setjmp.o)
                              obj/main.o (setjmp)
/root/BOLOS_ENV/gcc-arm-none-eabi-5_3-2016q1/bin/../lib/gcc/arm-none-eabi/5.3.1/../../../../arm-none-eabi/lib/armv6-m/libc.a(lib_a-strlen-stub.o)
                              obj/os_io_seproxyhal.o (strlen)

Discarded input sections

 .text          0x00000000        0x0 obj/curve25519_i64.o
 .rodata.zero25519
                0x00000000       0x20 obj/curve25519_i64.o
 .rodata.prime25519
                0x00000000       0x20 obj/curve25519_i64.o
 .text          0x00000000        0x0 obj/cx_compliance_141.o
 .text.cx_rng_rfc6979_X
                0x00000000       0x46 obj/cx_compliance_141.o
 .ARM.exidx.text.cx_rng_rfc6979_X
                0x00000000        0x8 obj/cx_compliance_141.o
 .text.cx_hash_sha256_X
                0x00000000        0xa obj/cx_compliance_141.o
 .ARM.exidx.text.cx_hash_sha256_X
                0x00000000        0x8 obj/cx_compliance_141.o
 .text.cx_hash_sha512_X
                0x00000000        0xa obj/cx_compliance_141.o
 .ARM.exidx.text.cx_hash_sha512_X
                0x00000000        0x8 obj/cx_compliance_141.o
 .text.cx_hmac_X
                0x00000000       0x30 obj/cx_compliance_141.o
 .ARM.exidx.text.cx_hmac_X
                0x00000000        0x8 obj/cx_compliance_141.o
 .text.cx_hmac_sha256_X
                0x00000000       0x16 obj/cx_compliance_141.o
 .ARM.exidx.text.cx_hmac_sha256_X
                0x00000000        0x8 obj/cx_compliance_141.o
 .text.cx_hmac_sha512_X
                0x00000000       0x16 obj/cx_compliance_141.o
 .ARM.exidx.text.cx_hmac_sha512_X
                0x00000000        0x8 obj/cx_compliance_141.o
 .text.cx_des_iv_X
                0x00000000       0x20 obj/cx_compliance_141.o
 .ARM.exidx.text.cx_des_iv_X
                0x00000000        0x8 obj/cx_compliance_141.o
 .text.cx_des_X
                0x00000000       0x1a obj/cx_compliance_141.o
 .ARM.exidx.text.cx_des_X
                0x00000000        0x8 obj/cx_compliance_141.o
 .text.cx_aes_iv_X
                0x00000000       0x20 obj/cx_compliance_141.o
 .ARM.exidx.text.cx_aes_iv_X
                0x00000000        0x8 obj/cx_compliance_141.o
 .text.cx_aes_X
                0x00000000       0x1a obj/cx_compliance_141.o
 .ARM.exidx.text.cx_aes_X
                0x00000000        0x8 obj/cx_compliance_141.o
 .text.cx_rsa_init_public_key_X
                0x00000000       0x18 obj/cx_compliance_141.o
 .ARM.exidx.text.cx_rsa_init_public_key_X
                0x00000000        0x8 obj/cx_compliance_141.o
 .text.cx_rsa_init_private_key_X
                0x00000000       0x18 obj/cx_compliance_141.o
 .ARM.exidx.text.cx_rsa_init_private_key_X
                0x00000000        0x8 obj/cx_compliance_141.o
 .text.cx_rsa_generate_pair_X
                0x00000000       0x34 obj/cx_compliance_141.o
 .ARM.exidx.text.cx_rsa_generate_pair_X
[...]
Memory Configuration

Name             Origin             Length             Attributes
DISCARD          0xd0000000         0x00100000         xrw
FLASH            0xc0d00000         0x00064000         xr
SRAM             0x20001800         0x00001000         xrw
*default*        0x00000000         0xffffffff

Linker script and memory map

LOAD obj/curve25519_i64.o
LOAD obj/cx_compliance_141.o
LOAD obj/main.o
LOAD obj/os.o
LOAD obj/os_io_seproxyhal.o
LOAD obj/os_printf.o
LOAD obj/pic.o
LOAD obj/pic_internal.o
LOAD obj/syscalls.o
LOAD obj/tcr.o
LOAD obj/u2f_impl.o
LOAD obj/u2f_io.o
LOAD obj/usbd_ccid_cmd.o
LOAD obj/usbd_ccid_core.o
LOAD obj/usbd_ccid_if.o
LOAD obj/usbd_conf.o
LOAD obj/usbd_core.o
LOAD obj/usbd_ctlreq.o
LOAD obj/usbd_hid.o
LOAD obj/usbd_impl.o
LOAD obj/usbd_ioreq.o
LOAD /root/BOLOS_ENV/gcc-arm-none-eabi-5_3-2016q1/bin/../lib/gcc/arm-none-eabi/5.3.1/../../../../arm-none-eabi/lib/armv6-m/libm.a
LOAD /root/BOLOS_ENV/gcc-arm-none-eabi-5_3-2016q1/bin/../lib/gcc/arm-none-eabi/5.3.1/armv6-m/libgcc.a
LOAD /root/BOLOS_ENV/gcc-arm-none-eabi-5_3-2016q1/bin/../lib/gcc/arm-none-eabi/5.3.1/../../../../arm-none-eabi/lib/armv6-m/libc.a
START GROUP
LOAD /root/BOLOS_ENV/gcc-arm-none-eabi-5_3-2016q1/bin/../lib/gcc/arm-none-eabi/5.3.1/armv6-m/libgcc.a
LOAD /root/BOLOS_ENV/gcc-arm-none-eabi-5_3-2016q1/bin/../lib/gcc/arm-none-eabi/5.3.1/../../../../arm-none-eabi/lib/armv6-m/libg.a
LOAD /root/BOLOS_ENV/gcc-arm-none-eabi-5_3-2016q1/bin/../lib/gcc/arm-none-eabi/5.3.1/../../../../arm-none-eabi/lib/armv6-m/libc.a
END GROUP
                0x00000040                PAGE_SIZE = 0x40
                0x00000200                STACK_SIZE = 0x200
                0x20002800                END_STACK = (ORIGIN (SRAM) + LENGTH (SRAM))

.text           0xc0d00000     0x4fc0
                0xc0d00000                _text = .
                0xc0d00000                _nvram = .
                [!provide]                PROVIDE (_setjmp, setjmp)
 *(.boot*)
 .boot          0xc0d00000       0xc4 obj/main.o
                0xc0d00000                main
 *(.text*)
 .text.core25519
                0xc0d000c4      0x7e0 obj/curve25519_i64.o
                0xc0d000c4                core25519
 .text.recip25519
                0xc0d008a4      0x1de obj/curve25519_i64.o
 *fill*         0xc0d00a82        0x2 00
 .text.mul25519
                0xc0d00a84      0xa3a obj/curve25519_i64.o
 .text.add25519
                0xc0d014be       0x54 obj/curve25519_i64.o
 *fill*         0xc0d01512        0x2 00
 .text.sqr25519
                0xc0d01514      0x5fc obj/curve25519_i64.o
 .text.sub25519
                0xc0d01b10       0x54 obj/curve25519_i64.o
 .text.divmod   0xc0d01b64      0x108 obj/curve25519_i64.o
 .text.sign25519
                0xc0d01c6c       0xd0 obj/curve25519_i64.o
                0xc0d01c6c                sign25519
 .text.mula32   0xc0d01d3c       0x78 obj/curve25519_i64.o
 .text.mul25519small
                0xc0d01db4      0x1b8 obj/curve25519_i64.o
 .text.cx_hash_X
                0xc0d01f6c       0x5a obj/cx_compliance_141.o
                0xc0d01f6c                cx_hash_X
 *fill*         0xc0d01fc6        0x2 00
 .text.io_exchange_al
                0xc0d01fc8       0x44 obj/main.o
                0xc0d01fc8                io_exchange_al
 .text.io_seproxyhal_display
                0xc0d0200c        0x8 obj/main.o
                0xc0d0200c                io_seproxyhal_display
 .text.io_event
                0xc0d02014      0x5f4 obj/main.o
                0xc0d02014                io_event
 .text.display_text_part
                0xc0d02608       0x50 obj/main.o
 .text.ui_approval
                0xc0d02658       0xa4 obj/main.o
 .text.ui_idle  0xc0d026fc       0xa0 obj/main.o
 .text.sample_main
                0xc0d0279c      0x214 obj/main.o
 .text.bagl_ui_approval_nanos_button
                0xc0d029b0      0x170 obj/main.o
 .text.keygen25519
                0xc0d02b20       0x22 obj/main.o
 *fill*         0xc0d02b42        0x2 00
 .text.bagl_ui_idle_nanos_button
                0xc0d02b44       0x1c obj/main.o
 .text.bagl_ui_text_review_nanos_button
                0xc0d02b60       0xb4 obj/main.o
 .text.os_boot  0xc0d02c14        0x6 obj/os.o
                0xc0d02c14                os_boot
 .text.try_context_set
                0xc0d02c1a        0x4 obj/os.o
                0xc0d02c1a                try_context_set
 *fill*         0xc0d02c1e        0x2 00
 .text.io_usb_hid_receive
                0xc0d02c20      0x154 obj/os.o
                0xc0d02c20                io_usb_hid_receive
 .text.os_memset
                0xc0d02d74       0x12 obj/os.o
                0xc0d02d74                os_memset
 .text.os_memmove
                0xc0d02d86       0x36 obj/os.o
                0xc0d02d86                os_memmove
 .text.io_usb_hid_init
                0xc0d02dbc        0xc obj/os.o
                0xc0d02dbc                io_usb_hid_init
 .text.io_usb_hid_sent
                0xc0d02dc8       0xc4 obj/os.o
                0xc0d02dc8                io_usb_hid_sent
 .text.io_usb_hid_send
                0xc0d02e8c       0x34 obj/os.o
                0xc0d02e8c                io_usb_hid_send
 .text.os_memcmp
                0xc0d02ec0       0x2e obj/os.o
                0xc0d02ec0                os_memcmp
 .text.os_longjmp
                0xc0d02eee        0xa obj/os.o
                0xc0d02eee                os_longjmp
 .text.try_context_get
                0xc0d02ef8        0x4 obj/os.o
                0xc0d02ef8                try_context_get
 .text.try_context_get_previous
                0xc0d02efc        0xc obj/os.o
                0xc0d02efc                try_context_get_previous
 .text.io_seproxyhal_general_status
                0xc0d02f08       0x28 obj/os_io_seproxyhal.o
                0xc0d02f08                io_seproxyhal_general_status
 .text.io_seproxyhal_handle_usb_event
                0xc0d02f30       0x7c obj/os_io_seproxyhal.o
                0xc0d02f30                io_seproxyhal_handle_usb_event
 .text.io_seproxyhal_get_ep_rx_size
                0xc0d02fac       0x10 obj/os_io_seproxyhal.o
                0xc0d02fac                io_seproxyhal_get_ep_rx_size
 .text.io_seproxyhal_handle_usb_ep_xfer_event
                0xc0d02fbc       0x68 obj/os_io_seproxyhal.o
                0xc0d02fbc                io_seproxyhal_handle_usb_ep_xfer_event
 .text.io_usb_send_ep
                0xc0d03024       0x4c obj/os_io_seproxyhal.o
                0xc0d03024                io_usb_send_ep
 .text.io_usb_send_apdu_data
                0xc0d03070       0x10 obj/os_io_seproxyhal.o
                0xc0d03070                io_usb_send_apdu_data
 .text.io_seproxyhal_handle_capdu_event
                0xc0d03080       0x50 obj/os_io_seproxyhal.o
                0xc0d03080                io_seproxyhal_handle_capdu_event
 .text.io_seproxyhal_handle_event
                0xc0d030d0       0x8c obj/os_io_seproxyhal.o
                0xc0d030d0                io_seproxyhal_handle_event
 .text.io_seproxyhal_init
                0xc0d0315c       0x40 obj/os_io_seproxyhal.o
                0xc0d0315c                io_seproxyhal_init
 .text.io_seproxyhal_init_ux
                0xc0d0319c        0xc obj/os_io_seproxyhal.o
                0xc0d0319c                io_seproxyhal_init_ux
 .text.io_seproxyhal_init_button
                0xc0d031a8       0x14 obj/os_io_seproxyhal.o
                0xc0d031a8                io_seproxyhal_init_button
 .text.io_seproxyhal_touch_out
                0xc0d031bc       0x46 obj/os_io_seproxyhal.o
                0xc0d031bc                io_seproxyhal_touch_out
 .text.io_seproxyhal_touch_over
                0xc0d03202       0x60 obj/os_io_seproxyhal.o
                0xc0d03202                io_seproxyhal_touch_over
 .text.io_seproxyhal_touch_tap
                0xc0d03262       0x46 obj/os_io_seproxyhal.o
                0xc0d03262                io_seproxyhal_touch_tap
 .text.io_seproxyhal_touch_element_callback
                0xc0d032a8      0x110 obj/os_io_seproxyhal.o
                0xc0d032a8                io_seproxyhal_touch_element_callback
 .text.io_seproxyhal_display_icon
                0xc0d033b8       0x8c obj/os_io_seproxyhal.o
                0xc0d033b8                io_seproxyhal_display_icon
 .text.io_seproxyhal_display_default
                0xc0d03444       0x84 obj/os_io_seproxyhal.o
                0xc0d03444                io_seproxyhal_display_default
 .text.io_seproxyhal_button_push
                0xc0d034c8       0x74 obj/os_io_seproxyhal.o
                0xc0d034c8                io_seproxyhal_button_push
 .text.os_io_seproxyhal_get_app_name_and_version
                0xc0d0353c       0x48 obj/os_io_seproxyhal.o
                0xc0d0353c                os_io_seproxyhal_get_app_name_and_version
 .text.io_exchange
                0xc0d03584      0x1a8 obj/os_io_seproxyhal.o
                0xc0d03584                io_exchange
 .text.ux_check_status_default
                0xc0d0372c        0x2 obj/os_io_seproxyhal.o
                0xc0d0372c                ux_check_status
                0xc0d0372c                ux_check_status_default
 *fill*         0xc0d0372e        0x2 00
 .text.pic      0xc0d03730       0x1c obj/pic.o
                0xc0d03730                pic
 .text.pic_internal
                0xc0d0374c       0x10 obj/pic_internal.o
                0xc0d0374c                pic_internal
 .text.SVC_Call
                0xc0d0375c        0x4 obj/syscalls.o
                0xc0d0375c                SVC_Call
 .text.check_api_level
                0xc0d03760       0x2c obj/syscalls.o
                0xc0d03760                check_api_level
 .text.reset    0xc0d0378c       0x28 obj/syscalls.o
                0xc0d0378c                reset
 .text.nvm_write
                0xc0d037b4       0x2c obj/syscalls.o
                0xc0d037b4                nvm_write
 .text.cx_rng   0xc0d037e0       0x30 obj/syscalls.o
                0xc0d037e0                cx_rng
 .text.cx_hash  0xc0d03810       0x38 obj/syscalls.o
                0xc0d03810                cx_hash
 .text.cx_sha256_init
                0xc0d03848       0x2c obj/syscalls.o
                0xc0d03848                cx_sha256_init
 .text.cx_ecfp_generate_pair
                0xc0d03874       0x30 obj/syscalls.o
                0xc0d03874                cx_ecfp_generate_pair
 .text.os_sched_exit
                0xc0d038a4       0x2c obj/syscalls.o
                0xc0d038a4                os_sched_exit
 .text.os_ux    0xc0d038d0       0x2c obj/syscalls.o
                0xc0d038d0                os_ux
 .text.os_flags
                0xc0d038fc       0x2c obj/syscalls.o
                0xc0d038fc                os_flags
 .text.os_seph_features
                0xc0d03928       0x2c obj/syscalls.o
                0xc0d03928                os_seph_features
 .text.os_registry_get_current_app_tag
                0xc0d03954       0x30 obj/syscalls.o
                0xc0d03954                os_registry_get_current_app_tag
 .text.io_seproxyhal_spi_send
                0xc0d03984       0x2c obj/syscalls.o
                0xc0d03984                io_seproxyhal_spi_send
 .text.io_seproxyhal_spi_is_status_sent
                0xc0d039b0       0x2c obj/syscalls.o
                0xc0d039b0                io_seproxyhal_spi_is_status_sent
 .text.io_seproxyhal_spi_recv
                0xc0d039dc       0x30 obj/syscalls.o
                0xc0d039dc                io_seproxyhal_spi_recv
 .text.USBD_LL_Init
                0xc0d03a0c       0x14 obj/usbd_conf.o
                0xc0d03a0c                USBD_LL_Init
 .text.USBD_LL_DeInit
                0xc0d03a20       0x24 obj/usbd_conf.o
                0xc0d03a20                USBD_LL_DeInit
 .text.USBD_LL_Start
                0xc0d03a44       0x38 obj/usbd_conf.o
                0xc0d03a44                USBD_LL_Start
 .text.USBD_LL_Stop
                0xc0d03a7c       0x22 obj/usbd_conf.o
                0xc0d03a7c                USBD_LL_Stop
 *fill*         0xc0d03a9e        0x2 00
 .text.USBD_LL_OpenEP
                0xc0d03aa0       0x4c obj/usbd_conf.o
                0xc0d03aa0                USBD_LL_OpenEP
 .text.USBD_LL_CloseEP
                0xc0d03aec       0x2c obj/usbd_conf.o
                0xc0d03aec                USBD_LL_CloseEP
 .text.USBD_LL_StallEP
                0xc0d03b18       0x4c obj/usbd_conf.o
                0xc0d03b18                USBD_LL_StallEP
 .text.USBD_LL_ClearStallEP
                0xc0d03b64       0x48 obj/usbd_conf.o
                0xc0d03b64                USBD_LL_ClearStallEP
 .text.USBD_LL_IsStallEP
                0xc0d03bac       0x24 obj/usbd_conf.o
                0xc0d03bac                USBD_LL_IsStallEP
 .text.USBD_LL_SetUSBAddress
                0xc0d03bd0       0x24 obj/usbd_conf.o
                0xc0d03bd0                USBD_LL_SetUSBAddress
 .text.USBD_LL_Transmit
                0xc0d03bf4       0x32 obj/usbd_conf.o
                0xc0d03bf4                USBD_LL_Transmit
 .text.USBD_LL_PrepareReceive
                0xc0d03c26       0x26 obj/usbd_conf.o
                0xc0d03c26                USBD_LL_PrepareReceive
 .text.USBD_Init
                0xc0d03c4c       0x36 obj/usbd_core.o
                0xc0d03c4c                USBD_Init
 .text.USBD_DeInit
                0xc0d03c82       0x3e obj/usbd_core.o
                0xc0d03c82                USBD_DeInit
 .text.USBD_RegisterClassForInterface
                0xc0d03cc0       0x1a obj/usbd_core.o
                0xc0d03cc0                USBD_RegisterClassForInterface
 .text.USBD_Start
                0xc0d03cda        0xa obj/usbd_core.o
                0xc0d03cda                USBD_Start
 .text.USBD_SetClassConfig
                0xc0d03ce4       0x3a obj/usbd_core.o
                0xc0d03ce4                USBD_SetClassConfig
 .text.USBD_ClrClassConfig
                0xc0d03d1e       0x3a obj/usbd_core.o
                0xc0d03d1e                USBD_ClrClassConfig
 .text.USBD_LL_SetupStage
                0xc0d03d58       0x5e obj/usbd_core.o
                0xc0d03d58                USBD_LL_SetupStage
 .text.USBD_LL_DataOutStage
                0xc0d03db6       0xbe obj/usbd_core.o
                0xc0d03db6                USBD_LL_DataOutStage
 .text.USBD_LL_DataInStage
                0xc0d03e74       0xf2 obj/usbd_core.o
                0xc0d03e74                USBD_LL_DataInStage
 .text.USBD_LL_Reset
                0xc0d03f66       0x42 obj/usbd_core.o
                0xc0d03f66                USBD_LL_Reset
 .text.USBD_LL_SetSpeed
                0xc0d03fa8        0x6 obj/usbd_core.o
                0xc0d03fa8                USBD_LL_SetSpeed
 .text.USBD_LL_Suspend
                0xc0d03fae        0x4 obj/usbd_core.o
                0xc0d03fae                USBD_LL_Suspend
 .text.USBD_LL_Resume
                0xc0d03fb2        0x4 obj/usbd_core.o
                0xc0d03fb2                USBD_LL_Resume
 .text.USBD_LL_SOF
                0xc0d03fb6       0x3e obj/usbd_core.o
                0xc0d03fb6                USBD_LL_SOF
 .text.usbd_is_valid_intf
                0xc0d03ff4       0x1c obj/usbd_ctlreq.o
                0xc0d03ff4                usbd_is_valid_intf
 .text.USBD_StdDevReq
                0xc0d04010       0x5a obj/usbd_ctlreq.o
                0xc0d04010                USBD_StdDevReq
 .text.USBD_GetDescriptor
                0xc0d0406a      0x11a obj/usbd_ctlreq.o
                0xc0d0406a                USBD_GetDescriptor
 .text.USBD_SetAddress
                0xc0d04184       0x4a obj/usbd_ctlreq.o
                0xc0d04184                USBD_SetAddress
 .text.USBD_SetConfig
                0xc0d041ce       0x6e obj/usbd_ctlreq.o
                0xc0d041ce                USBD_SetConfig
 .text.USBD_GetConfig
                0xc0d0423c       0x2e obj/usbd_ctlreq.o
                0xc0d0423c                USBD_GetConfig
 .text.USBD_GetStatus
                0xc0d0426a       0x46 obj/usbd_ctlreq.o
                0xc0d0426a                USBD_GetStatus
 .text.USBD_SetFeature
                0xc0d042b0       0x3e obj/usbd_ctlreq.o
                0xc0d042b0                USBD_SetFeature
 .text.USBD_ClrFeature
                0xc0d042ee       0x54 obj/usbd_ctlreq.o
                0xc0d042ee                USBD_ClrFeature
 .text.USBD_CtlError
                0xc0d04342       0x14 obj/usbd_ctlreq.o
                0xc0d04342                USBD_CtlError
 .text.USBD_StdItfReq
                0xc0d04356       0x4a obj/usbd_ctlreq.o
                0xc0d04356                USBD_StdItfReq
 .text.USBD_StdEPReq
                0xc0d043a0      0x116 obj/usbd_ctlreq.o
                0xc0d043a0                USBD_StdEPReq
 .text.USBD_ParseSetupRequest
                0xc0d044b6       0x28 obj/usbd_ctlreq.o
                0xc0d044b6                USBD_ParseSetupRequest
 .text.USBD_HID_Setup
                0xc0d044de       0x98 obj/usbd_hid.o
                0xc0d044de                USBD_HID_Setup
 .text.USBD_HID_Init
                0xc0d04576       0x32 obj/usbd_hid.o
                0xc0d04576                USBD_HID_Init
 .text.USBD_HID_DeInit
                0xc0d045a8       0x16 obj/usbd_hid.o
                0xc0d045a8                USBD_HID_DeInit
 *fill*         0xc0d045be        0x2 00
 .text.USBD_HID_GetHidDescriptor_impl
                0xc0d045c0       0x28 obj/usbd_impl.o
                0xc0d045c0                USBD_HID_GetHidDescriptor_impl
 .text.USBD_HID_GetReportDescriptor_impl
                0xc0d045e8       0x28 obj/usbd_impl.o
                0xc0d045e8                USBD_HID_GetReportDescriptor_impl
 .text.USBD_HID_DataIn_impl
                0xc0d04610       0x18 obj/usbd_impl.o
                0xc0d04610                USBD_HID_DataIn_impl
 .text.USBD_HID_DataOut_impl
                0xc0d04628       0x58 obj/usbd_impl.o
                0xc0d04628                USBD_HID_DataOut_impl
 .text.USBD_DeviceDescriptor
                0xc0d04680       0x10 obj/usbd_impl.o
 .text.USBD_LangIDStrDescriptor
                0xc0d04690       0x10 obj/usbd_impl.o
 .text.USBD_ManufacturerStrDescriptor
                0xc0d046a0       0x10 obj/usbd_impl.o
 .text.USBD_ProductStrDescriptor
                0xc0d046b0       0x10 obj/usbd_impl.o
 .text.USBD_SerialStrDescriptor
                0xc0d046c0       0x10 obj/usbd_impl.o
 .text.USBD_ConfigStrDescriptor
                0xc0d046d0       0x10 obj/usbd_impl.o
 .text.USBD_InterfaceStrDescriptor
                0xc0d046e0       0x10 obj/usbd_impl.o
 .text.USB_power
                0xc0d046f0       0x58 obj/usbd_impl.o
                0xc0d046f0                USB_power
 .text.USBD_GetCfgDesc_impl
                0xc0d04748       0x10 obj/usbd_impl.o
 .text.USBD_GetDeviceQualifierDesc_impl
                0xc0d04758       0x10 obj/usbd_impl.o
 .text.USBD_CtlSendData
                0xc0d04768       0x2c obj/usbd_ioreq.o
                0xc0d04768                USBD_CtlSendData
 .text.USBD_CtlContinueSendData
                0xc0d04794       0x1c obj/usbd_ioreq.o
                0xc0d04794                USBD_CtlContinueSendData
 .text.USBD_CtlContinueRx
                0xc0d047b0        0xe obj/usbd_ioreq.o
                0xc0d047b0                USBD_CtlContinueRx
 .text.USBD_CtlSendStatus
                0xc0d047be       0x18 obj/usbd_ioreq.o
                0xc0d047be                USBD_CtlSendStatus
 .text.USBD_CtlReceiveStatus
                0xc0d047d6       0x16 obj/usbd_ioreq.o
                0xc0d047d6                USBD_CtlReceiveStatus
 .text          0xc0d047ec      0x114 /root/BOLOS_ENV/gcc-arm-none-eabi-5_3-2016q1/bin/../lib/gcc/arm-none-eabi/5.3.1/armv6-m/libgcc.a(_udivsi3.o)
                0xc0d047ec                __udivsi3
                0xc0d047ec                __aeabi_uidiv
                0xc0d048f8                __aeabi_uidivmod
 .text          0xc0d04900        0x4 /root/BOLOS_ENV/gcc-arm-none-eabi-5_3-2016q1/bin/../lib/gcc/arm-none-eabi/5.3.1/armv6-m/libgcc.a(_dvmd_tls.o)
                0xc0d04900                __aeabi_ldiv0
                0xc0d04900                __aeabi_idiv0
 .text          0xc0d04904       0x58 /root/BOLOS_ENV/gcc-arm-none-eabi-5_3-2016q1/bin/../lib/gcc/arm-none-eabi/5.3.1/armv6-m/libgcc.a(_muldi3.o)
                0xc0d04904                __aeabi_lmul
                0xc0d04904                __muldi3
 .text.__aeabi_memclr
                0xc0d0495c        0xc /root/BOLOS_ENV/gcc-arm-none-eabi-5_3-2016q1/bin/../lib/gcc/arm-none-eabi/5.3.1/../../../../arm-none-eabi/lib/armv6-m/libc.a(lib_a-aeabi_memclr.o)
                0xc0d0495c                __aeabi_memclr8
                0xc0d0495c                __aeabi_memclr
                0xc0d0495c                __aeabi_memclr4
 .text.__aeabi_memcpy
                0xc0d04968        0x8 /root/BOLOS_ENV/gcc-arm-none-eabi-5_3-2016q1/bin/../lib/gcc/arm-none-eabi/5.3.1/../../../../arm-none-eabi/lib/armv6-m/libc.a(lib_a-aeabi_memcpy.o)
                0xc0d04968                __aeabi_memcpy
                0xc0d04968                __aeabi_memcpy4
                0xc0d04968                __aeabi_memcpy8
 .text.__aeabi_memset
                0xc0d04970       0x10 /root/BOLOS_ENV/gcc-arm-none-eabi-5_3-2016q1/bin/../lib/gcc/arm-none-eabi/5.3.1/../../../../arm-none-eabi/lib/armv6-m/libc.a(lib_a-aeabi_memset.o)
                0xc0d04970                __aeabi_memset
                0xc0d04970                __aeabi_memset8
                0xc0d04970                __aeabi_memset4
 .text.memcpy   0xc0d04980       0x7c /root/BOLOS_ENV/gcc-arm-none-eabi-5_3-2016q1/bin/../lib/gcc/arm-none-eabi/5.3.1/../../../../arm-none-eabi/lib/armv6-m/libc.a(lib_a-memcpy-stub.o)
                0xc0d04980                memcpy
 .text.memset   0xc0d049fc       0x8c /root/BOLOS_ENV/gcc-arm-none-eabi-5_3-2016q1/bin/../lib/gcc/arm-none-eabi/5.3.1/../../../../arm-none-eabi/lib/armv6-m/libc.a(lib_a-memset.o)
                0xc0d049fc                memset
 .text          0xc0d04a88       0x34 /root/BOLOS_ENV/gcc-arm-none-eabi-5_3-2016q1/bin/../lib/gcc/arm-none-eabi/5.3.1/../../../../arm-none-eabi/lib/armv6-m/libc.a(lib_a-setjmp.o)
                0xc0d04a88                setjmp
                0xc0d04aa0                longjmp
 .text.strlen   0xc0d04abc       0x68 /root/BOLOS_ENV/gcc-arm-none-eabi-5_3-2016q1/bin/../lib/gcc/arm-none-eabi/5.3.1/../../../../arm-none-eabi/lib/armv6-m/libc.a(lib_a-strlen-stub.o)
                0xc0d04abc                strlen
 *(.rodata)
 *(.rodata.[^N]*)
 .rodata.order25519
                0xc0d04b24       0x20 obj/curve25519_i64.o
                0xc0d04b24                order25519
 .rodata.base_r2y
                0xc0d04b44       0x28 obj/curve25519_i64.o
 .rodata.order_times_8
                0xc0d04b6c       0x20 obj/curve25519_i64.o
 .rodata.bagl_ui_approval_nanos
                0xc0d04b8c       0xe0 obj/main.o
 .rodata.str1.1
                0xc0d04c6c       0x2d obj/main.o
 *fill*         0xc0d04c99        0x3 00
 .rodata.bagl_ui_idle_nanos
                0xc0d04c9c       0xa8 obj/main.o
 .rodata.bagl_ui_text_review_nanos
                0xc0d04d44      0x118 obj/main.o
 .rodata.USBD_HID_Desc
                0xc0d04e5c        0x9 obj/usbd_impl.o
                0xc0d04e5c                USBD_HID_Desc
 .rodata.HID_ReportDesc
                0xc0d04e65       0x22 obj/usbd_impl.o
 *fill*         0xc0d04e87        0x1 00
 .rodata.HID_Desc
                0xc0d04e88       0x20 obj/usbd_impl.o
                0xc0d04e88                HID_Desc
 .rodata.USBD_HID
                0xc0d04ea8       0x38 obj/usbd_impl.o
 .rodata.USBD_DeviceDesc
                0xc0d04ee0       0x12 obj/usbd_impl.o
 .rodata.USBD_LangIDDesc
                0xc0d04ef2        0x4 obj/usbd_impl.o
 .rodata.USBD_MANUFACTURER_STRING
                0xc0d04ef6        0xe obj/usbd_impl.o
 .rodata.USBD_PRODUCT_FS_STRING
                0xc0d04f04        0xe obj/usbd_impl.o
 .rodata.USB_SERIAL_STRING
                0xc0d04f12        0xa obj/usbd_impl.o
 .rodata.USBD_CfgDesc
                0xc0d04f1c       0x29 obj/usbd_impl.o
 *fill*         0xc0d04f45        0x3 00
 .rodata.USBD_DeviceQualifierDesc
                0xc0d04f48        0xa obj/usbd_impl.o
 *(.rodata.N[^_]*)
                0xc0d04f54                . = ALIGN (0x4)
 *fill*         0xc0d04f52        0x2 00
                0xc0d04f54                _etext = .
                0xc0d04f80                . = ALIGN (PAGE_SIZE)
 *fill*         0xc0d04f54       0x2c 00
                0xc0d04f80                _nvram_data = .
 *(.bss.N_* .rodata.N_*)
 .rodata.N_initialized
                0xc0d04f80        0x1 obj/main.o
 *fill*         0xc0d04f81        0x3 00
 .rodata.N_privateKey
                0xc0d04f84       0x28 obj/main.o
                0xc0d04fc0                . = ALIGN (PAGE_SIZE)
 *fill*         0xc0d04fac       0x14 00
                0xc0d04fc0                _install_parameters = .
                [!provide]                PROVIDE (N_install_parameters, .)
                0xc0d04fc0                _envram = .
                0x00000040                _nvram_data_size = (_envram - _nvram_data)

.glue_7         0xc0d04fc0        0x0
 .glue_7        0xc0d04fc0        0x0 linker stubs

.glue_7t        0xc0d04fc0        0x0
 .glue_7t       0xc0d04fc0        0x0 linker stubs

.vfp11_veneer   0xc0d04fc0        0x0
 .vfp11_veneer  0xc0d04fc0        0x0 linker stubs

.v4_bx          0xc0d04fc0        0x0
 .v4_bx         0xc0d04fc0        0x0 linker stubs

.iplt           0xc0d04fc0        0x0
 .iplt          0xc0d04fc0        0x0 obj/curve25519_i64.o

.data           0xd0000000        0x0
                0xd0000000                . = ALIGN (0x4)
                0xd0000000                _data = .
 *(vtable)
 *(.data*)
                0xd0000000                _edata = .

.igot.plt       0xd0000000        0x0
 .igot.plt      0xd0000000        0x0 obj/curve25519_i64.o

.bss            0x20001800      0x6f8
                0x20001800                _bss = .
 *(.bss*)
 .bss.G_io_seproxyhal_spi_buffer
                0x20001800       0x80 obj/main.o
                0x20001800                G_io_seproxyhal_spi_buffer
 .bss.ux        0x20001880       0xb0 obj/main.o
                0x20001880                ux
 .bss.uiState   0x20001930        0x1 obj/main.o
                0x20001930                uiState
 *fill*         0x20001931        0x3 00
 .bss.current_text_pos
                0x20001934        0x4 obj/main.o
 .bss.hashTainted
                0x20001938        0x1 obj/main.o
 .bss.signingContext
                0x20001939       0x60 obj/main.o
                0x20001939                signingContext
 .bss.lineBuffer
                0x20001999       0x32 obj/main.o
 *fill*         0x200019cb        0x1 00
 .bss.hash      0x200019cc       0x6c obj/main.o
 .bss.G_io_usb_hid_sequence_number
                0x20001a38        0x4 obj/os.o
                0x20001a38                G_io_usb_hid_sequence_number
 .bss.G_io_usb_hid_total_length
                0x20001a3c        0x4 obj/os.o
                0x20001a3c                G_io_usb_hid_total_length
 .bss.G_io_usb_hid_remaining_length
                0x20001a40        0x4 obj/os.o
                0x20001a40                G_io_usb_hid_remaining_length
 .bss.G_io_apdu_buffer
                0x20001a44      0x104 obj/os.o
                0x20001a44                G_io_apdu_buffer
 .bss.G_io_usb_hid_current_buffer
                0x20001b48        0x4 obj/os.o
                0x20001b48                G_io_usb_hid_current_buffer
 .bss.G_io_usb_hid_channel
                0x20001b4c        0x4 obj/os.o
                0x20001b4c                G_io_usb_hid_channel
 .bss.G_io_apdu_media
                0x20001b50        0x1 obj/os_io_seproxyhal.o
                0x20001b50                G_io_apdu_media
 .bss.G_io_usb_ep_xfer_len
                0x20001b51        0x7 obj/os_io_seproxyhal.o
 .bss.G_io_usb_ep_timeouts
                0x20001b58        0xe obj/os_io_seproxyhal.o
                0x20001b58                G_io_usb_ep_timeouts
 .bss.G_io_apdu_state
                0x20001b66        0x1 obj/os_io_seproxyhal.o
                0x20001b66                G_io_apdu_state
 *fill*         0x20001b67        0x1 00
 .bss.G_io_apdu_length
                0x20001b68        0x2 obj/os_io_seproxyhal.o
                0x20001b68                G_io_apdu_length
 *fill*         0x20001b6a        0x2 00
 .bss.G_bagl_last_touched_not_released_component
                0x20001b6c        0x4 obj/os_io_seproxyhal.o
                0x20001b6c                G_bagl_last_touched_not_released_component
 .bss.G_button_mask
                0x20001b70        0x4 obj/os_io_seproxyhal.o
                0x20001b70                G_button_mask
 .bss.G_button_same_mask_counter
                0x20001b74        0x4 obj/os_io_seproxyhal.o
                0x20001b74                G_button_same_mask_counter
 .bss.G_io_usb_ep_buffer
                0x20001b78       0x40 obj/os_io_seproxyhal.o
                0x20001b78                G_io_usb_ep_buffer
 .bss.ep_in_stall
                0x20001bb8        0x4 obj/usbd_conf.o
                0x20001bb8                ep_in_stall
 .bss.ep_out_stall
                0x20001bbc        0x4 obj/usbd_conf.o
                0x20001bbc                ep_out_stall
 .bss.USBD_Device
                0x20001bc0      0x134 obj/usbd_core.o
                0x20001bc0                USBD_Device
                0x20001cf4                _ebss = .
                0x20001cf4                . = ALIGN (0x4)
                0x20001cf4                app_stack_canary = .
                [!provide]                PROVIDE (app_stack_canary, .)
                0x20001cf8                . = (. + 0x4)
 *fill*         0x20001cf4        0x4 00
                0x20001cf8                _stack_validation = .
                0x20001ef8                . = (_stack_validation + STACK_SIZE)
 *fill*         0x20001cf8      0x200 00
                0x20002600                _stack = (ABSOLUTE (END_STACK) - STACK_SIZE)
                [!provide]                PROVIDE (_stack, (ABSOLUTE (END_STACK) - STACK_SIZE))
                0x20002800                _estack = ABSOLUTE (END_STACK)
                [!provide]                PROVIDE (_estack, ABSOLUTE (END_STACK))

DEBUG           0xd0000000        0x8
 libc.a(*)
 libm.a(*)
 libgcc.a(*)
 *(.ARM.exidx* .gnu.linkonce.armexidx.*)
 .ARM.exidx.text.core25519
                0xd0000000        0x0 obj/curve25519_i64.o
                                  0x8 (size before relaxing)
 .ARM.exidx.text.recip25519
                0xd0000000        0x0 obj/curve25519_i64.o
                                  0x8 (size before relaxing)
 .ARM.exidx.text.mul25519
                0xd0000000        0x0 obj/curve25519_i64.o
                                  0x8 (size before relaxing)
 .ARM.exidx.text.add25519
                0xd0000000        0x0 obj/curve25519_i64.o
                                  0x8 (size before relaxing)
 .ARM.exidx.text.sqr25519
                0xd0000000        0x0 obj/curve25519_i64.o
                                  0x8 (size before relaxing)
 .ARM.exidx.text.sub25519
                0xd0000000        0x0 obj/curve25519_i64.o
                                  0x8 (size before relaxing)
 .ARM.exidx.text.divmod
                0xd0000000        0x0 obj/curve25519_i64.o
                                  0x8 (size before relaxing)
 .ARM.exidx.text.sign25519
                0xd0000000        0x0 obj/curve25519_i64.o
                                  0x8 (size before relaxing)
 .ARM.exidx.text.mula32
                0xd0000000        0x0 obj/curve25519_i64.o
                                  0x8 (size before relaxing)
 .ARM.exidx.text.mul25519small
                0xd0000000        0x0 obj/curve25519_i64.o
                                  0x8 (size before relaxing)
 .ARM.exidx.text.cx_hash_X
                0xd0000000        0x0 obj/cx_compliance_141.o
                                  0x8 (size before relaxing)
 .ARM.exidx.text.io_exchange_al
                0xd0000000        0x0 obj/main.o
                                  0x8 (size before relaxing)
 .ARM.exidx.text.io_seproxyhal_display
                0xd0000000        0x0 obj/main.o
                                  0x8 (size before relaxing)
 .ARM.exidx.text.io_event
                0xd0000000        0x0 obj/main.o
                                  0x8 (size before relaxing)
 .ARM.exidx.text.display_text_part
                0xd0000000        0x0 obj/main.o
                                  0x8 (size before relaxing)
 .ARM.exidx.text.ui_approval
                0xd0000000        0x0 obj/main.o
                                  0x8 (size before relaxing)
 .ARM.exidx.boot
                0xd0000000        0x8 obj/main.o
 .ARM.exidx.text.ui_idle
                0xd0000008        0x0 obj/main.o
                                  0x8 (size before relaxing)
 .ARM.exidx.text.sample_main
                0xd0000008        0x0 obj/main.o
                                  0x8 (size before relaxing)
 .ARM.exidx.text.bagl_ui_approval_nanos_button
                0xd0000008        0x0 obj/main.o
                                  0x8 (size before relaxing)
 .ARM.exidx.text.keygen25519
                0xd0000008        0x0 obj/main.o
                                  0x8 (size before relaxing)
 .ARM.exidx.text.bagl_ui_idle_nanos_button
                0xd0000008        0x0 obj/main.o
                                  0x8 (size before relaxing)
 .ARM.exidx.text.bagl_ui_text_review_nanos_button
                0xd0000008        0x0 obj/main.o
                                  0x8 (size before relaxing)
 .ARM.exidx.text.os_boot
                0xd0000008        0x0 obj/os.o
                                  0x8 (size before relaxing)
 .ARM.exidx.text.try_context_set
                0xd0000008        0x0 obj/os.o
                                  0x8 (size before relaxing)
 .ARM.exidx.text.io_usb_hid_receive
                0xd0000008        0x0 obj/os.o
                                  0x8 (size before relaxing)
 .ARM.exidx.text.os_memset
                0xd0000008        0x0 obj/os.o
                                  0x8 (size before relaxing)
 .ARM.exidx.text.os_memmove
                0xd0000008        0x0 obj/os.o
                                  0x8 (size before relaxing)
 .ARM.exidx.text.io_usb_hid_init
                0xd0000008        0x0 obj/os.o
                                  0x8 (size before relaxing)
 .ARM.exidx.text.io_usb_hid_sent
                0xd0000008        0x0 obj/os.o
                                  0x8 (size before relaxing)
 .ARM.exidx.text.io_usb_hid_send
                0xd0000008        0x0 obj/os.o
                                  0x8 (size before relaxing)
 .ARM.exidx.text.os_memcmp
                0xd0000008        0x0 obj/os.o
                                  0x8 (size before relaxing)
 .ARM.exidx.text.os_longjmp
                0xd0000008        0x0 obj/os.o
                                  0x8 (size before relaxing)
 .ARM.exidx.text.try_context_get
                0xd0000008        0x0 obj/os.o
                                  0x8 (size before relaxing)
 .ARM.exidx.text.try_context_get_previous
                0xd0000008        0x0 obj/os.o
                                  0x8 (size before relaxing)
 .ARM.exidx.text.io_seproxyhal_general_status
                0xd0000008        0x0 obj/os_io_seproxyhal.o
                                  0x8 (size before relaxing)
 .ARM.exidx.text.io_seproxyhal_handle_usb_event
                0xd0000008        0x0 obj/os_io_seproxyhal.o
                                  0x8 (size before relaxing)
 .ARM.exidx.text.io_seproxyhal_get_ep_rx_size
                0xd0000008        0x0 obj/os_io_seproxyhal.o
                                  0x8 (size before relaxing)
 .ARM.exidx.text.io_seproxyhal_handle_usb_ep_xfer_event
                0xd0000008        0x0 obj/os_io_seproxyhal.o
                                  0x8 (size before relaxing)
 .ARM.exidx.text.io_usb_send_ep
                0xd0000008        0x0 obj/os_io_seproxyhal.o
                                  0x8 (size before relaxing)
 .ARM.exidx.text.io_usb_send_apdu_data
                0xd0000008        0x0 obj/os_io_seproxyhal.o
                                  0x8 (size before relaxing)
 .ARM.exidx.text.io_seproxyhal_handle_capdu_event
                0xd0000008        0x0 obj/os_io_seproxyhal.o
                                  0x8 (size before relaxing)
 .ARM.exidx.text.io_seproxyhal_handle_event
                0xd0000008        0x0 obj/os_io_seproxyhal.o
                                  0x8 (size before relaxing)
 .ARM.exidx.text.io_seproxyhal_init
                0xd0000008        0x0 obj/os_io_seproxyhal.o
                                  0x8 (size before relaxing)
 .ARM.exidx.text.io_seproxyhal_init_ux
                0xd0000008        0x0 obj/os_io_seproxyhal.o
                                  0x8 (size before relaxing)
 .ARM.exidx.text.io_seproxyhal_init_button
                0xd0000008        0x0 obj/os_io_seproxyhal.o
                                  0x8 (size before relaxing)
 .ARM.exidx.text.io_seproxyhal_touch_out
                0xd0000008        0x0 obj/os_io_seproxyhal.o
                                  0x8 (size before relaxing)
 .ARM.exidx.text.io_seproxyhal_touch_over
                0xd0000008        0x0 obj/os_io_seproxyhal.o
                                  0x8 (size before relaxing)
 .ARM.exidx.text.io_seproxyhal_touch_tap
                0xd0000008        0x0 obj/os_io_seproxyhal.o
                                  0x8 (size before relaxing)
 .ARM.exidx.text.io_seproxyhal_touch_element_callback
                0xd0000008        0x0 obj/os_io_seproxyhal.o
                                  0x8 (size before relaxing)
 .ARM.exidx.text.io_seproxyhal_display_icon
                0xd0000008        0x0 obj/os_io_seproxyhal.o
                                  0x8 (size before relaxing)
 .ARM.exidx.text.io_seproxyhal_display_default
                0xd0000008        0x0 obj/os_io_seproxyhal.o
                                  0x8 (size before relaxing)
 .ARM.exidx.text.io_seproxyhal_button_push
                0xd0000008        0x0 obj/os_io_seproxyhal.o
                                  0x8 (size before relaxing)
 .ARM.exidx.text.os_io_seproxyhal_get_app_name_and_version
                0xd0000008        0x0 obj/os_io_seproxyhal.o
                                  0x8 (size before relaxing)
 .ARM.exidx.text.io_exchange
                0xd0000008        0x0 obj/os_io_seproxyhal.o
                                  0x8 (size before relaxing)
 .ARM.exidx.text.ux_check_status_default
                0xd0000008        0x0 obj/os_io_seproxyhal.o
                                  0x8 (size before relaxing)
 .ARM.exidx.text.pic
                0xd0000008        0x0 obj/pic.o
                                  0x8 (size before relaxing)
 .ARM.exidx.text.pic_internal
                0xd0000008        0x0 obj/pic_internal.o
                                  0x8 (size before relaxing)
 .ARM.exidx.text.SVC_Call
                0xd0000008        0x0 obj/syscalls.o
                                  0x8 (size before relaxing)
 .ARM.exidx.text.check_api_level
                0xd0000008        0x0 obj/syscalls.o
                                  0x8 (size before relaxing)
 .ARM.exidx.text.reset
                0xd0000008        0x0 obj/syscalls.o
                                  0x8 (size before relaxing)
 .ARM.exidx.text.nvm_write
                0xd0000008        0x0 obj/syscalls.o
                                  0x8 (size before relaxing)
 .ARM.exidx.text.cx_rng
                0xd0000008        0x0 obj/syscalls.o
                                  0x8 (size before relaxing)
 .ARM.exidx.text.cx_hash
                0xd0000008        0x0 obj/syscalls.o
                                  0x8 (size before relaxing)
 .ARM.exidx.text.cx_sha256_init
                0xd0000008        0x0 obj/syscalls.o
                                  0x8 (size before relaxing)
 .ARM.exidx.text.cx_ecfp_generate_pair
                0xd0000008        0x0 obj/syscalls.o
                                  0x8 (size before relaxing)
 .ARM.exidx.text.os_sched_exit
                0xd0000008        0x0 obj/syscalls.o
                                  0x8 (size before relaxing)
 .ARM.exidx.text.os_ux
                0xd0000008        0x0 obj/syscalls.o
                                  0x8 (size before relaxing)
 .ARM.exidx.text.os_flags
                0xd0000008        0x0 obj/syscalls.o
                                  0x8 (size before relaxing)
 .ARM.exidx.text.os_seph_features
                0xd0000008        0x0 obj/syscalls.o
                                  0x8 (size before relaxing)
 .ARM.exidx.text.os_registry_get_current_app_tag
                0xd0000008        0x0 obj/syscalls.o
                                  0x8 (size before relaxing)
 .ARM.exidx.text.io_seproxyhal_spi_send
                0xd0000008        0x0 obj/syscalls.o
                                  0x8 (size before relaxing)
 .ARM.exidx.text.io_seproxyhal_spi_is_status_sent
                0xd0000008        0x0 obj/syscalls.o
                                  0x8 (size before relaxing)
 .ARM.exidx.text.io_seproxyhal_spi_recv
                0xd0000008        0x0 obj/syscalls.o
                                  0x8 (size before relaxing)
 .ARM.exidx.text.USBD_LL_Init
                0xd0000008        0x0 obj/usbd_conf.o
                                  0x8 (size before relaxing)
 .ARM.exidx.text.USBD_LL_DeInit
                0xd0000008        0x0 obj/usbd_conf.o
                                  0x8 (size before relaxing)
 .ARM.exidx.text.USBD_LL_Start
                0xd0000008        0x0 obj/usbd_conf.o
                                  0x8 (size before relaxing)
 .ARM.exidx.text.USBD_LL_Stop
                0xd0000008        0x0 obj/usbd_conf.o
                                  0x8 (size before relaxing)
 .ARM.exidx.text.USBD_LL_OpenEP
                0xd0000008        0x0 obj/usbd_conf.o
                                  0x8 (size before relaxing)
 .ARM.exidx.text.USBD_LL_CloseEP
                0xd0000008        0x0 obj/usbd_conf.o
                                  0x8 (size before relaxing)
 .ARM.exidx.text.USBD_LL_StallEP
                0xd0000008        0x0 obj/usbd_conf.o
                                  0x8 (size before relaxing)
 .ARM.exidx.text.USBD_LL_ClearStallEP
                0xd0000008        0x0 obj/usbd_conf.o
                                  0x8 (size before relaxing)
 .ARM.exidx.text.USBD_LL_IsStallEP
                0xd0000008        0x0 obj/usbd_conf.o
                                  0x8 (size before relaxing)
 .ARM.exidx.text.USBD_LL_SetUSBAddress
                0xd0000008        0x0 obj/usbd_conf.o
                                  0x8 (size before relaxing)
 .ARM.exidx.text.USBD_LL_Transmit
                0xd0000008        0x0 obj/usbd_conf.o
                                  0x8 (size before relaxing)
 .ARM.exidx.text.USBD_LL_PrepareReceive
                0xd0000008        0x0 obj/usbd_conf.o
                                  0x8 (size before relaxing)
 .ARM.exidx.text.USBD_Init
                0xd0000008        0x0 obj/usbd_core.o
                                  0x8 (size before relaxing)
 .ARM.exidx.text.USBD_DeInit
                0xd0000008        0x0 obj/usbd_core.o
                                  0x8 (size before relaxing)
 .ARM.exidx.text.USBD_RegisterClassForInterface
                0xd0000008        0x0 obj/usbd_core.o
                                  0x8 (size before relaxing)
 .ARM.exidx.text.USBD_Start
                0xd0000008        0x0 obj/usbd_core.o
                                  0x8 (size before relaxing)
 .ARM.exidx.text.USBD_SetClassConfig
                0xd0000008        0x0 obj/usbd_core.o
                                  0x8 (size before relaxing)
 .ARM.exidx.text.USBD_ClrClassConfig
                0xd0000008        0x0 obj/usbd_core.o
                                  0x8 (size before relaxing)
 .ARM.exidx.text.USBD_LL_SetupStage
                0xd0000008        0x0 obj/usbd_core.o
                                  0x8 (size before relaxing)
 .ARM.exidx.text.USBD_LL_DataOutStage
                0xd0000008        0x0 obj/usbd_core.o
                                  0x8 (size before relaxing)
 .ARM.exidx.text.USBD_LL_DataInStage
                0xd0000008        0x0 obj/usbd_core.o
                                  0x8 (size before relaxing)
 .ARM.exidx.text.USBD_LL_Reset
                0xd0000008        0x0 obj/usbd_core.o
                                  0x8 (size before relaxing)
 .ARM.exidx.text.USBD_LL_SetSpeed
                0xd0000008        0x0 obj/usbd_core.o
                                  0x8 (size before relaxing)
 .ARM.exidx.text.USBD_LL_Suspend
                0xd0000008        0x0 obj/usbd_core.o
                                  0x8 (size before relaxing)
 .ARM.exidx.text.USBD_LL_Resume
                0xd0000008        0x0 obj/usbd_core.o
                                  0x8 (size before relaxing)
 .ARM.exidx.text.USBD_LL_SOF
                0xd0000008        0x0 obj/usbd_core.o
                                  0x8 (size before relaxing)
 .ARM.exidx.text.usbd_is_valid_intf
                0xd0000008        0x0 obj/usbd_ctlreq.o
                                  0x8 (size before relaxing)
 .ARM.exidx.text.USBD_StdDevReq
                0xd0000008        0x0 obj/usbd_ctlreq.o
                                  0x8 (size before relaxing)
 .ARM.exidx.text.USBD_GetDescriptor
                0xd0000008        0x0 obj/usbd_ctlreq.o
                                  0x8 (size before relaxing)
 .ARM.exidx.text.USBD_SetAddress
                0xd0000008        0x0 obj/usbd_ctlreq.o
                                  0x8 (size before relaxing)
 .ARM.exidx.text.USBD_SetConfig
                0xd0000008        0x0 obj/usbd_ctlreq.o
                                  0x8 (size before relaxing)
 .ARM.exidx.text.USBD_GetConfig
                0xd0000008        0x0 obj/usbd_ctlreq.o
                                  0x8 (size before relaxing)
 .ARM.exidx.text.USBD_GetStatus
                0xd0000008        0x0 obj/usbd_ctlreq.o
                                  0x8 (size before relaxing)
 .ARM.exidx.text.USBD_SetFeature
                0xd0000008        0x0 obj/usbd_ctlreq.o
                                  0x8 (size before relaxing)
 .ARM.exidx.text.USBD_ClrFeature
                0xd0000008        0x0 obj/usbd_ctlreq.o
                                  0x8 (size before relaxing)
 .ARM.exidx.text.USBD_CtlError
                0xd0000008        0x0 obj/usbd_ctlreq.o
                                  0x8 (size before relaxing)
 .ARM.exidx.text.USBD_StdItfReq
                0xd0000008        0x0 obj/usbd_ctlreq.o
                                  0x8 (size before relaxing)
 .ARM.exidx.text.USBD_StdEPReq
                0xd0000008        0x0 obj/usbd_ctlreq.o
                                  0x8 (size before relaxing)
 .ARM.exidx.text.USBD_ParseSetupRequest
                0xd0000008        0x0 obj/usbd_ctlreq.o
                                  0x8 (size before relaxing)
 .ARM.exidx.text.USBD_HID_Setup
                0xd0000008        0x0 obj/usbd_hid.o
                                  0x8 (size before relaxing)
 .ARM.exidx.text.USBD_HID_Init
                0xd0000008        0x0 obj/usbd_hid.o
                                  0x8 (size before relaxing)
 .ARM.exidx.text.USBD_HID_DeInit
                0xd0000008        0x0 obj/usbd_hid.o
                                  0x8 (size before relaxing)
 .ARM.exidx.text.USBD_HID_GetHidDescriptor_impl
                0xd0000008        0x0 obj/usbd_impl.o
                                  0x8 (size before relaxing)
 .ARM.exidx.text.USBD_HID_GetReportDescriptor_impl
                0xd0000008        0x0 obj/usbd_impl.o
                                  0x8 (size before relaxing)
 .ARM.exidx.text.USBD_HID_DataIn_impl
                0xd0000008        0x0 obj/usbd_impl.o
                                  0x8 (size before relaxing)
 .ARM.exidx.text.USBD_HID_DataOut_impl
                0xd0000008        0x0 obj/usbd_impl.o
                                  0x8 (size before relaxing)
 .ARM.exidx.text.USBD_DeviceDescriptor
                0xd0000008        0x0 obj/usbd_impl.o
                                  0x8 (size before relaxing)
 .ARM.exidx.text.USBD_LangIDStrDescriptor
                0xd0000008        0x0 obj/usbd_impl.o
                                  0x8 (size before relaxing)
 .ARM.exidx.text.USBD_ManufacturerStrDescriptor
                0xd0000008        0x0 obj/usbd_impl.o
                                  0x8 (size before relaxing)
 .ARM.exidx.text.USBD_ProductStrDescriptor
                0xd0000008        0x0 obj/usbd_impl.o
                                  0x8 (size before relaxing)
 .ARM.exidx.text.USBD_SerialStrDescriptor
                0xd0000008        0x0 obj/usbd_impl.o
                                  0x8 (size before relaxing)
 .ARM.exidx.text.USBD_ConfigStrDescriptor
                0xd0000008        0x0 obj/usbd_impl.o
                                  0x8 (size before relaxing)
 .ARM.exidx.text.USBD_InterfaceStrDescriptor
                0xd0000008        0x0 obj/usbd_impl.o
                                  0x8 (size before relaxing)
 .ARM.exidx.text.USB_power
                0xd0000008        0x0 obj/usbd_impl.o
                                  0x8 (size before relaxing)
 .ARM.exidx.text.USBD_GetCfgDesc_impl
                0xd0000008        0x0 obj/usbd_impl.o
                                  0x8 (size before relaxing)
 .ARM.exidx.text.USBD_GetDeviceQualifierDesc_impl
                0xd0000008        0x0 obj/usbd_impl.o
                                  0x8 (size before relaxing)
 .ARM.exidx.text.USBD_CtlSendData
                0xd0000008        0x0 obj/usbd_ioreq.o
                                  0x8 (size before relaxing)
 .ARM.exidx.text.USBD_CtlContinueSendData
                0xd0000008        0x0 obj/usbd_ioreq.o
                                  0x8 (size before relaxing)
 .ARM.exidx.text.USBD_CtlContinueRx
                0xd0000008        0x0 obj/usbd_ioreq.o
                                  0x8 (size before relaxing)
 .ARM.exidx.text.USBD_CtlSendStatus
                0xd0000008        0x0 obj/usbd_ioreq.o
                                  0x8 (size before relaxing)
 .ARM.exidx.text.USBD_CtlReceiveStatus
                0xd0000008        0x0 obj/usbd_ioreq.o
                                  0x8 (size before relaxing)

.rel.dyn        0xd0000008        0x0
 .rel.iplt      0xd0000008        0x0 obj/curve25519_i64.o

.stab
 *(.stab)

.stabstr
 *(.stabstr)

.stab.excl
 *(.stab.excl)

.stab.exclstr
 *(.stab.exclstr)

.stab.index
 *(.stab.index)

.stab.indexstr
 *(.stab.indexstr)

.comment        0x00000000       0x2d
 *(.comment)
 .comment       0x00000000       0x2d obj/curve25519_i64.o
                                 0x2e (size before relaxing)
 .comment       0x0000002d       0x2e obj/cx_compliance_141.o
 .comment       0x0000002d       0x2e obj/main.o
 .comment       0x0000002d       0x2e obj/os.o
 .comment       0x0000002d       0x2e obj/os_io_seproxyhal.o
 .comment       0x0000002d       0x2e obj/pic.o
 .comment       0x0000002d       0x2e obj/pic_internal.o
 .comment       0x0000002d       0x2e obj/syscalls.o
 .comment       0x0000002d       0x2e obj/usbd_conf.o
 .comment       0x0000002d       0x2e obj/usbd_core.o
 .comment       0x0000002d       0x2e obj/usbd_ctlreq.o
 .comment       0x0000002d       0x2e obj/usbd_hid.o
 .comment       0x0000002d       0x2e obj/usbd_impl.o
 .comment       0x0000002d       0x2e obj/usbd_ioreq.o

.note.GNU-stack
                0x00000000        0x0
 .note.GNU-stack
                0x00000000        0x0 obj/curve25519_i64.o
 .note.GNU-stack
                0x00000000        0x0 obj/cx_compliance_141.o
 .note.GNU-stack
                0x00000000        0x0 obj/main.o
 .note.GNU-stack
                0x00000000        0x0 obj/os.o
 .note.GNU-stack
                0x00000000        0x0 obj/os_io_seproxyhal.o
 .note.GNU-stack
                0x00000000        0x0 obj/pic.o
 .note.GNU-stack
                0x00000000        0x0 obj/pic_internal.o
 .note.GNU-stack
                0x00000000        0x0 obj/syscalls.o
 .note.GNU-stack
                0x00000000        0x0 obj/usbd_conf.o
 .note.GNU-stack
                0x00000000        0x0 obj/usbd_core.o
 .note.GNU-stack
                0x00000000        0x0 obj/usbd_ctlreq.o
 .note.GNU-stack
                0x00000000        0x0 obj/usbd_hid.o
 .note.GNU-stack
                0x00000000        0x0 obj/usbd_impl.o
 .note.GNU-stack
                0x00000000        0x0 obj/usbd_ioreq.o

.ARM.attributes
                0x00000000       0x33
 .ARM.attributes
                0x00000000       0x41 obj/curve25519_i64.o
 .ARM.attributes
                0x00000041       0x41 obj/cx_compliance_141.o
 .ARM.attributes
                0x00000082       0x41 obj/main.o
 .ARM.attributes
                0x000000c3       0x41 obj/os.o
 .ARM.attributes
                0x00000104       0x41 obj/os_io_seproxyhal.o
 .ARM.attributes
                0x00000145       0x41 obj/pic.o
 .ARM.attributes
                0x00000186       0x41 obj/pic_internal.o
 .ARM.attributes
                0x000001c7       0x41 obj/syscalls.o
 .ARM.attributes
                0x00000208       0x41 obj/usbd_conf.o
 .ARM.attributes
                0x00000249       0x41 obj/usbd_core.o
 .ARM.attributes
                0x0000028a       0x41 obj/usbd_ctlreq.o
 .ARM.attributes
                0x000002cb       0x41 obj/usbd_hid.o
 .ARM.attributes
                0x0000030c       0x41 obj/usbd_impl.o
 .ARM.attributes
                0x0000034d       0x41 obj/usbd_ioreq.o
 .ARM.attributes
                0x0000038e       0x1e /root/BOLOS_ENV/gcc-arm-none-eabi-5_3-2016q1/bin/../lib/gcc/arm-none-eabi/5.3.1/armv6-m/libgcc.a(_udivsi3.o)
 .ARM.attributes
                0x000003ac       0x1e /root/BOLOS_ENV/gcc-arm-none-eabi-5_3-2016q1/bin/../lib/gcc/arm-none-eabi/5.3.1/armv6-m/libgcc.a(_dvmd_tls.o)
 .ARM.attributes
                0x000003ca       0x2c /root/BOLOS_ENV/gcc-arm-none-eabi-5_3-2016q1/bin/../lib/gcc/arm-none-eabi/5.3.1/armv6-m/libgcc.a(_muldi3.o)
 .ARM.attributes
                0x000003f6       0x2c /root/BOLOS_ENV/gcc-arm-none-eabi-5_3-2016q1/bin/../lib/gcc/arm-none-eabi/5.3.1/../../../../arm-none-eabi/lib/armv6-m/libc.a(lib_a-aeabi_memclr.o)
 .ARM.attributes
                0x00000422       0x2c /root/BOLOS_ENV/gcc-arm-none-eabi-5_3-2016q1/bin/../lib/gcc/arm-none-eabi/5.3.1/../../../../arm-none-eabi/lib/armv6-m/libc.a(lib_a-aeabi_memcpy.o)
 .ARM.attributes
                0x0000044e       0x2c /root/BOLOS_ENV/gcc-arm-none-eabi-5_3-2016q1/bin/../lib/gcc/arm-none-eabi/5.3.1/../../../../arm-none-eabi/lib/armv6-m/libc.a(lib_a-aeabi_memset.o)
 .ARM.attributes
                0x0000047a       0x2c /root/BOLOS_ENV/gcc-arm-none-eabi-5_3-2016q1/bin/../lib/gcc/arm-none-eabi/5.3.1/../../../../arm-none-eabi/lib/armv6-m/libc.a(lib_a-memcpy-stub.o)
 .ARM.attributes
                0x000004a6       0x2c /root/BOLOS_ENV/gcc-arm-none-eabi-5_3-2016q1/bin/../lib/gcc/arm-none-eabi/5.3.1/../../../../arm-none-eabi/lib/armv6-m/libc.a(lib_a-memset.o)
 .ARM.attributes
                0x000004d2       0x1c /root/BOLOS_ENV/gcc-arm-none-eabi-5_3-2016q1/bin/../lib/gcc/arm-none-eabi/5.3.1/../../../../arm-none-eabi/lib/armv6-m/libc.a(lib_a-setjmp.o)
 .ARM.attributes
                0x000004ee       0x2c /root/BOLOS_ENV/gcc-arm-none-eabi-5_3-2016q1/bin/../lib/gcc/arm-none-eabi/5.3.1/../../../../arm-none-eabi/lib/armv6-m/libc.a(lib_a-strlen-stub.o)

.debug
 *(.debug)

.line
 *(.line)

.debug_srcinfo
 *(.debug_srcinfo)

.debug_sfnames
 *(.debug_sfnames)

.debug_aranges
 *(.debug_aranges)

.debug_pubnames
                0x00000000     0x2128
 *(.debug_pubnames)
 .debug_pubnames
                0x00000000      0x1a0 obj/curve25519_i64.o
 .debug_pubnames
                0x000001a0      0x265 obj/cx_compliance_141.o
 .debug_pubnames
                0x00000405      0x281 obj/main.o
 .debug_pubnames
                0x00000686      0x1d3 obj/os.o
 .debug_pubnames
                0x00000859      0x684 obj/os_io_seproxyhal.o
 .debug_pubnames
                0x00000edd       0x1a obj/pic.o
 .debug_pubnames
                0x00000ef7       0x23 obj/pic_internal.o
 .debug_pubnames
                0x00000f1a      0xa11 obj/syscalls.o
 .debug_pubnames
                0x0000192b      0x142 obj/usbd_conf.o
 .debug_pubnames
                0x00001a6d      0x1f0 obj/usbd_core.o
 .debug_pubnames
                0x00001c5d      0x14f obj/usbd_ctlreq.o
 .debug_pubnames
                0x00001dac       0x4b obj/usbd_hid.o
 .debug_pubnames
                0x00001df7      0x28f obj/usbd_impl.o
 .debug_pubnames
                0x00002086       0xa2 obj/usbd_ioreq.o

.debug_info     0x00000000     0xd333
 *(.debug_info .gnu.linkonce.wi.*)
 .debug_info    0x00000000      0xe17 obj/curve25519_i64.o
 .debug_info    0x00000e17     0x1093 obj/cx_compliance_141.o
 .debug_info    0x00001eaa     0x13c1 obj/main.o
 .debug_info    0x0000326b      0x74c obj/os.o
 .debug_info    0x000039b7     0x1997 obj/os_io_seproxyhal.o
 .debug_info    0x0000534e       0x55 obj/pic.o
 .debug_info    0x000053a3       0x45 obj/pic_internal.o
 .debug_info    0x000053e8     0x4812 obj/syscalls.o
 .debug_info    0x00009bfa      0x97a obj/usbd_conf.o
 .debug_info    0x0000a574      0xb0e obj/usbd_core.o
 .debug_info    0x0000b082      0xac5 obj/usbd_ctlreq.o
 .debug_info    0x0000bb47      0x691 obj/usbd_hid.o
 .debug_info    0x0000c1d8      0xa2c obj/usbd_impl.o
 .debug_info    0x0000cc04      0x72f obj/usbd_ioreq.o

.debug_abbrev   0x00000000     0x16f2
 *(.debug_abbrev)
 .debug_abbrev  0x00000000      0x294 obj/curve25519_i64.o
 .debug_abbrev  0x00000294      0x11c obj/cx_compliance_141.o
 .debug_abbrev  0x000003b0      0x2c1 obj/main.o
 .debug_abbrev  0x00000671      0x29a obj/os.o
 .debug_abbrev  0x0000090b      0x2c7 obj/os_io_seproxyhal.o
 .debug_abbrev  0x00000bd2       0x45 obj/pic.o
 .debug_abbrev  0x00000c17       0x36 obj/pic_internal.o
 .debug_abbrev  0x00000c4d      0x1ab obj/syscalls.o
 .debug_abbrev  0x00000df8      0x15c obj/usbd_conf.o
 .debug_abbrev  0x00000f54      0x1ee obj/usbd_core.o
 .debug_abbrev  0x00001142      0x207 obj/usbd_ctlreq.o
 .debug_abbrev  0x00001349      0x107 obj/usbd_hid.o
 .debug_abbrev  0x00001450      0x1aa obj/usbd_impl.o
 .debug_abbrev  0x000015fa       0xf8 obj/usbd_ioreq.o

.debug_line     0x00000000     0x6e99
 *(.debug_line)
 .debug_line    0x00000000     0x1524 obj/curve25519_i64.o
 .debug_line    0x00001524      0x502 obj/cx_compliance_141.o
 .debug_line    0x00001a26      0x77d obj/main.o
 .debug_line    0x000021a3      0x619 obj/os.o
 .debug_line    0x000027bc     0x10b4 obj/os_io_seproxyhal.o
 .debug_line    0x00003870       0x73 obj/pic.o
 .debug_line    0x000038e3       0x6d obj/pic_internal.o
 .debug_line    0x00003950     0x1e7a obj/syscalls.o
 .debug_line    0x000057ca      0x2e1 obj/usbd_conf.o
 .debug_line    0x00005aab      0x592 obj/usbd_core.o
 .debug_line    0x0000603d      0x6e0 obj/usbd_ctlreq.o
 .debug_line    0x0000671d      0x20a obj/usbd_hid.o
 .debug_line    0x00006927      0x361 obj/usbd_impl.o
 .debug_line    0x00006c88      0x211 obj/usbd_ioreq.o

.debug_frame    0x00000000     0x2178
 *(.debug_frame)
 .debug_frame   0x00000000      0x148 obj/curve25519_i64.o
 .debug_frame   0x00000148      0x320 obj/cx_compliance_141.o
 .debug_frame   0x00000468      0x170 obj/main.o
 .debug_frame   0x000005d8      0x180 obj/os.o
 .debug_frame   0x00000758      0x4a4 obj/os_io_seproxyhal.o
 .debug_frame   0x00000bfc       0x28 obj/pic.o
 .debug_frame   0x00000c24       0x20 obj/pic_internal.o
 .debug_frame   0x00000c44      0xcd0 obj/syscalls.o
 .debug_frame   0x00001914      0x168 obj/usbd_conf.o
 .debug_frame   0x00001a7c      0x1f0 obj/usbd_core.o
 .debug_frame   0x00001c6c      0x1a0 obj/usbd_ctlreq.o
 .debug_frame   0x00001e0c       0x68 obj/usbd_hid.o
 .debug_frame   0x00001e74      0x110 obj/usbd_impl.o
 .debug_frame   0x00001f84       0xa8 obj/usbd_ioreq.o
 .debug_frame   0x0000202c       0x20 /root/BOLOS_ENV/gcc-arm-none-eabi-5_3-2016q1/bin/../lib/gcc/arm-none-eabi/5.3.1/armv6-m/libgcc.a(_udivsi3.o)
 .debug_frame   0x0000204c       0x34 /root/BOLOS_ENV/gcc-arm-none-eabi-5_3-2016q1/bin/../lib/gcc/arm-none-eabi/5.3.1/armv6-m/libgcc.a(_muldi3.o)
 .debug_frame   0x00002080       0x28 /root/BOLOS_ENV/gcc-arm-none-eabi-5_3-2016q1/bin/../lib/gcc/arm-none-eabi/5.3.1/../../../../arm-none-eabi/lib/armv6-m/libc.a(lib_a-aeabi_memclr.o)
 .debug_frame   0x000020a8       0x28 /root/BOLOS_ENV/gcc-arm-none-eabi-5_3-2016q1/bin/../lib/gcc/arm-none-eabi/5.3.1/../../../../arm-none-eabi/lib/armv6-m/libc.a(lib_a-aeabi_memcpy.o)
 .debug_frame   0x000020d0       0x28 /root/BOLOS_ENV/gcc-arm-none-eabi-5_3-2016q1/bin/../lib/gcc/arm-none-eabi/5.3.1/../../../../arm-none-eabi/lib/armv6-m/libc.a(lib_a-aeabi_memset.o)
 .debug_frame   0x000020f8       0x2c /root/BOLOS_ENV/gcc-arm-none-eabi-5_3-2016q1/bin/../lib/gcc/arm-none-eabi/5.3.1/../../../../arm-none-eabi/lib/armv6-m/libc.a(lib_a-memcpy-stub.o)
 .debug_frame   0x00002124       0x2c /root/BOLOS_ENV/gcc-arm-none-eabi-5_3-2016q1/bin/../lib/gcc/arm-none-eabi/5.3.1/../../../../arm-none-eabi/lib/armv6-m/libc.a(lib_a-memset.o)
 .debug_frame   0x00002150       0x28 /root/BOLOS_ENV/gcc-arm-none-eabi-5_3-2016q1/bin/../lib/gcc/arm-none-eabi/5.3.1/../../../../arm-none-eabi/lib/armv6-m/libc.a(lib_a-strlen-stub.o)

.debug_str      0x00000000     0x3cc5
 *(.debug_str)
 .debug_str     0x00000000      0x237 obj/curve25519_i64.o
                                0x2c5 (size before relaxing)
 .debug_str     0x00000237      0x7ba obj/cx_compliance_141.o
                                0x908 (size before relaxing)
 .debug_str     0x000009f1      0x9e3 obj/main.o
                                0xe6c (size before relaxing)
 .debug_str     0x000013d4      0x37e obj/os.o
                                0x461 (size before relaxing)
 .debug_str     0x00001752      0xbd5 obj/os_io_seproxyhal.o
                               0x172d (size before relaxing)
 .debug_str     0x00002327       0x3d obj/pic.o
                                 0x93 (size before relaxing)
 .debug_str     0x00002364       0x42 obj/pic_internal.o
                                 0x98 (size before relaxing)
 .debug_str     0x000023a6      0xbb5 obj/syscalls.o
                               0x18a2 (size before relaxing)
 .debug_str     0x00002f5b      0x644 obj/usbd_conf.o
                                0x788 (size before relaxing)
 .debug_str     0x0000359f      0x212 obj/usbd_core.o
                                0x84e (size before relaxing)
 .debug_str     0x000037b1      0x161 obj/usbd_ctlreq.o
                                0x7d1 (size before relaxing)
 .debug_str     0x00003912       0x8b obj/usbd_hid.o
                                0x6bb (size before relaxing)
 .debug_str     0x0000399d      0x255 obj/usbd_impl.o
                                0x9e9 (size before relaxing)
 .debug_str     0x00003bf2       0xd3 obj/usbd_ioreq.o
                                0x707 (size before relaxing)

.debug_loc      0x00000000     0x7747
 *(.debug_loc)
 .debug_loc     0x00000000      0x8f5 obj/curve25519_i64.o
 .debug_loc     0x000008f5      0xe26 obj/cx_compliance_141.o
 .debug_loc     0x0000171b      0x5fb obj/main.o
 .debug_loc     0x00001d16      0x515 obj/os.o
 .debug_loc     0x0000222b      0xb27 obj/os_io_seproxyhal.o
 .debug_loc     0x00002d52       0x13 obj/pic.o
 .debug_loc     0x00002d65        0x0 obj/pic_internal.o
 .debug_loc     0x00002d65     0x3c64 obj/syscalls.o
 .debug_loc     0x000069c9      0x212 obj/usbd_conf.o
 .debug_loc     0x00006bdb      0x2e1 obj/usbd_core.o
 .debug_loc     0x00006ebc      0x4f9 obj/usbd_ctlreq.o
 .debug_loc     0x000073b5      0x113 obj/usbd_hid.o
 .debug_loc     0x000074c8      0x154 obj/usbd_impl.o
 .debug_loc     0x0000761c      0x12b obj/usbd_ioreq.o

.debug_macinfo  0x00000000        0xe
 *(.debug_macinfo)
 .debug_macinfo
                0x00000000        0x1 obj/curve25519_i64.o
 .debug_macinfo
                0x00000001        0x1 obj/cx_compliance_141.o
 .debug_macinfo
                0x00000002        0x1 obj/main.o
 .debug_macinfo
                0x00000003        0x1 obj/os.o
 .debug_macinfo
                0x00000004        0x1 obj/os_io_seproxyhal.o
 .debug_macinfo
                0x00000005        0x1 obj/pic.o
 .debug_macinfo
                0x00000006        0x1 obj/pic_internal.o
 .debug_macinfo
                0x00000007        0x1 obj/syscalls.o
 .debug_macinfo
                0x00000008        0x1 obj/usbd_conf.o
 .debug_macinfo
                0x00000009        0x1 obj/usbd_core.o
 .debug_macinfo
                0x0000000a        0x1 obj/usbd_ctlreq.o
 .debug_macinfo
                0x0000000b        0x1 obj/usbd_hid.o
 .debug_macinfo
                0x0000000c        0x1 obj/usbd_impl.o
 .debug_macinfo
                0x0000000d        0x1 obj/usbd_ioreq.o

.debug_weaknames
 *(.debug_weaknames)

.debug_funcnames
 *(.debug_funcnames)

.debug_typenames
 *(.debug_typenames)

.debug_varnames
 *(.debug_varnames)
OUTPUT(bin/app.elf elf32-littlearm)

.debug_ranges   0x00000000      0xb68
 .debug_ranges  0x00000000       0xb8 obj/curve25519_i64.o
 .debug_ranges  0x000000b8       0xd8 obj/cx_compliance_141.o
 .debug_ranges  0x00000190      0x110 obj/main.o
 .debug_ranges  0x000002a0       0xa0 obj/os.o
 .debug_ranges  0x00000340      0x200 obj/os_io_seproxyhal.o
 .debug_ranges  0x00000540        0x0 obj/pic.o
 .debug_ranges  0x00000540        0x0 obj/pic_internal.o
 .debug_ranges  0x00000540      0x3b0 obj/syscalls.o
 .debug_ranges  0x000008f0       0x70 obj/usbd_conf.o
 .debug_ranges  0x00000960       0xb0 obj/usbd_core.o
 .debug_ranges  0x00000a10       0x88 obj/usbd_ctlreq.o
 .debug_ranges  0x00000a98       0x20 obj/usbd_hid.o
 .debug_ranges  0x00000ab8       0x78 obj/usbd_impl.o
 .debug_ranges  0x00000b30       0x38 obj/usbd_ioreq.o

.debug_pubtypes
                0x00000000     0x23fa
 .debug_pubtypes
                0x00000000      0x11b obj/curve25519_i64.o
 .debug_pubtypes
                0x0000011b      0x2cf obj/cx_compliance_141.o
 .debug_pubtypes
                0x000003ea      0x2fd obj/main.o
 .debug_pubtypes
                0x000006e7       0xdf obj/os.o
 .debug_pubtypes
                0x000007c6      0x34b obj/os_io_seproxyhal.o
 .debug_pubtypes
                0x00000b11       0x23 obj/pic.o
 .debug_pubtypes
                0x00000b34       0x23 obj/pic_internal.o
 .debug_pubtypes
                0x00000b57      0x46d obj/syscalls.o
 .debug_pubtypes
                0x00000fc4      0x366 obj/usbd_conf.o
 .debug_pubtypes
                0x0000132a      0x366 obj/usbd_core.o
 .debug_pubtypes
                0x00001690      0x366 obj/usbd_ctlreq.o
 .debug_pubtypes
                0x000019f6      0x34f obj/usbd_hid.o
 .debug_pubtypes
                0x00001d45      0x34f obj/usbd_impl.o
 .debug_pubtypes
                0x00002094      0x366 obj/usbd_ioreq.o

Cross Reference Table

Symbol                                            File
G_bagl_last_touched_not_released_component        obj/os_io_seproxyhal.o
G_button_mask                                     obj/os_io_seproxyhal.o
G_button_same_mask_counter                        obj/os_io_seproxyhal.o
G_io_apdu_buffer                                  obj/os.o
                                                  obj/os_io_seproxyhal.o
                                                  obj/main.o
G_io_apdu_length                                  obj/os_io_seproxyhal.o
                                                  obj/usbd_impl.o
G_io_apdu_media                                   obj/os_io_seproxyhal.o
                                                  obj/usbd_impl.o
G_io_apdu_state                                   obj/os_io_seproxyhal.o
                                                  obj/usbd_impl.o
                                                  obj/os.o
G_io_seproxyhal_spi_buffer                        obj/main.o
                                                  obj/usbd_conf.o
                                                  obj/os_io_seproxyhal.o
G_io_usb_ep_buffer                                obj/os_io_seproxyhal.o
                                                  obj/os.o
G_io_usb_ep_timeouts                              obj/os_io_seproxyhal.o
G_io_usb_hid_channel                              obj/os.o
G_io_usb_hid_current_buffer                       obj/os.o
G_io_usb_hid_remaining_length                     obj/os.o
G_io_usb_hid_sequence_number                      obj/os.o
G_io_usb_hid_total_length                         obj/os.o
                                                  obj/usbd_impl.o
HID_Desc                                          obj/usbd_impl.o
SVC_Call                                          obj/syscalls.o
USBD_ClrClassConfig                               obj/usbd_core.o
                                                  obj/usbd_ctlreq.o
USBD_ClrFeature                                   obj/usbd_ctlreq.o
USBD_CtlContinueRx                                obj/usbd_ioreq.o
                                                  obj/usbd_core.o
USBD_CtlContinueSendData                          obj/usbd_ioreq.o
                                                  obj/usbd_core.o
USBD_CtlError                                     obj/usbd_ctlreq.o
                                                  obj/usbd_hid.o
USBD_CtlPrepareRx                                 obj/usbd_ioreq.o
USBD_CtlReceiveStatus                             obj/usbd_ioreq.o
                                                  obj/usbd_ctlreq.o
                                                  obj/usbd_core.o
USBD_CtlSendData                                  obj/usbd_ioreq.o
                                                  obj/usbd_hid.o
                                                  obj/usbd_ctlreq.o
USBD_CtlSendStatus                                obj/usbd_ioreq.o
                                                  obj/usbd_hid.o
                                                  obj/usbd_ctlreq.o
                                                  obj/usbd_core.o
USBD_CtlStall                                     obj/usbd_ctlreq.o
USBD_DeInit                                       obj/usbd_core.o
                                                  obj/usbd_impl.o
USBD_Device                                       obj/usbd_core.o
                                                  obj/usbd_impl.o
                                                  obj/os_io_seproxyhal.o
USBD_GetConfig                                    obj/usbd_ctlreq.o
USBD_GetDescriptor                                obj/usbd_ctlreq.o
USBD_GetLen                                       obj/usbd_ctlreq.o
USBD_GetStatus                                    obj/usbd_ctlreq.o
USBD_GetString                                    obj/usbd_ctlreq.o
USBD_HID_DataIn_impl                              obj/usbd_impl.o
USBD_HID_DataOut_impl                             obj/usbd_impl.o
USBD_HID_DeInit                                   obj/usbd_hid.o
                                                  obj/usbd_impl.o
USBD_HID_Desc                                     obj/usbd_impl.o
USBD_HID_GetHidDescriptor_impl                    obj/usbd_impl.o
                                                  obj/usbd_hid.o
USBD_HID_GetReportDescriptor_impl                 obj/usbd_impl.o
                                                  obj/usbd_hid.o
USBD_HID_Init                                     obj/usbd_hid.o
                                                  obj/usbd_impl.o
USBD_HID_Setup                                    obj/usbd_hid.o
                                                  obj/usbd_impl.o
USBD_Init                                         obj/usbd_core.o
                                                  obj/usbd_impl.o
USBD_LL_ClearStallEP                              obj/usbd_conf.o
                                                  obj/usbd_ctlreq.o
USBD_LL_CloseEP                                   obj/usbd_conf.o
                                                  obj/usbd_hid.o
USBD_LL_DataInStage                               obj/usbd_core.o
                                                  obj/os_io_seproxyhal.o
USBD_LL_DataOutStage                              obj/usbd_core.o
                                                  obj/os_io_seproxyhal.o
USBD_LL_DeInit                                    obj/usbd_conf.o
                                                  obj/usbd_core.o
USBD_LL_DevConnected                              obj/usbd_core.o
USBD_LL_DevDisconnected                           obj/usbd_core.o
USBD_LL_FlushEP                                   obj/usbd_conf.o
USBD_LL_Init                                      obj/usbd_conf.o
                                                  obj/usbd_core.o
USBD_LL_IsStallEP                                 obj/usbd_conf.o
                                                  obj/usbd_ctlreq.o
USBD_LL_IsoINIncomplete                           obj/usbd_core.o
USBD_LL_IsoOUTIncomplete                          obj/usbd_core.o
USBD_LL_OpenEP                                    obj/usbd_conf.o
                                                  obj/usbd_hid.o
USBD_LL_PrepareReceive                            obj/usbd_conf.o
                                                  obj/usbd_ioreq.o
                                                  obj/usbd_impl.o
                                                  obj/usbd_hid.o
USBD_LL_Reset                                     obj/usbd_core.o
                                                  obj/os_io_seproxyhal.o
USBD_LL_Resume                                    obj/usbd_core.o
                                                  obj/os_io_seproxyhal.o
USBD_LL_SOF                                       obj/usbd_core.o
                                                  obj/os_io_seproxyhal.o
USBD_LL_SetSpeed                                  obj/usbd_core.o
                                                  obj/os_io_seproxyhal.o
USBD_LL_SetUSBAddress                             obj/usbd_conf.o
                                                  obj/usbd_ctlreq.o
USBD_LL_SetupStage                                obj/usbd_core.o
                                                  obj/os_io_seproxyhal.o
USBD_LL_StallEP                                   obj/usbd_conf.o
                                                  obj/usbd_ctlreq.o
                                                  obj/usbd_core.o
USBD_LL_Start                                     obj/usbd_conf.o
                                                  obj/usbd_core.o
USBD_LL_Stop                                      obj/usbd_conf.o
                                                  obj/usbd_core.o
USBD_LL_Suspend                                   obj/usbd_core.o
                                                  obj/os_io_seproxyhal.o
USBD_LL_Transmit                                  obj/usbd_conf.o
                                                  obj/usbd_ioreq.o
USBD_ParseSetupRequest                            obj/usbd_ctlreq.o
                                                  obj/usbd_core.o
USBD_RegisterClass                                obj/usbd_core.o
USBD_RegisterClassForInterface                    obj/usbd_core.o
                                                  obj/usbd_impl.o
USBD_RunTestMode                                  obj/usbd_core.o
USBD_SetAddress                                   obj/usbd_ctlreq.o
USBD_SetClassConfig                               obj/usbd_core.o
                                                  obj/usbd_ctlreq.o
USBD_SetConfig                                    obj/usbd_ctlreq.o
USBD_SetFeature                                   obj/usbd_ctlreq.o
USBD_Start                                        obj/usbd_core.o
                                                  obj/usbd_impl.o
USBD_StdDevReq                                    obj/usbd_ctlreq.o
                                                  obj/usbd_core.o
USBD_StdEPReq                                     obj/usbd_ctlreq.o
                                                  obj/usbd_core.o
USBD_StdItfReq                                    obj/usbd_ctlreq.o
                                                  obj/usbd_core.o
USBD_Stop                                         obj/usbd_core.o
USB_power                                         obj/usbd_impl.o
                                                  obj/main.o
UX_MENU_END_ENTRY                                 obj/os_io_seproxyhal.o
__aeabi_idiv0                                     /root/BOLOS_ENV/gcc-arm-none-eabi-5_3-2016q1/bin/../lib/gcc/arm-none-eabi/5.3.1/armv6-m/libgcc.a(_dvmd_tls.o)
                                                  /root/BOLOS_ENV/gcc-arm-none-eabi-5_3-2016q1/bin/../lib/gcc/arm-none-eabi/5.3.1/armv6-m/libgcc.a(_udivsi3.o)
__aeabi_ldiv0                                     /root/BOLOS_ENV/gcc-arm-none-eabi-5_3-2016q1/bin/../lib/gcc/arm-none-eabi/5.3.1/armv6-m/libgcc.a(_dvmd_tls.o)
__aeabi_lmul                                      /root/BOLOS_ENV/gcc-arm-none-eabi-5_3-2016q1/bin/../lib/gcc/arm-none-eabi/5.3.1/armv6-m/libgcc.a(_muldi3.o)
                                                  obj/curve25519_i64.o
__aeabi_memclr                                    /root/BOLOS_ENV/gcc-arm-none-eabi-5_3-2016q1/bin/../lib/gcc/arm-none-eabi/5.3.1/../../../../arm-none-eabi/lib/armv6-m/libc.a(lib_a-aeabi_memclr.o)
                                                  obj/os.o
                                                  obj/curve25519_i64.o
__aeabi_memclr4                                   /root/BOLOS_ENV/gcc-arm-none-eabi-5_3-2016q1/bin/../lib/gcc/arm-none-eabi/5.3.1/../../../../arm-none-eabi/lib/armv6-m/libc.a(lib_a-aeabi_memclr.o)
                                                  obj/usbd_core.o
                                                  obj/curve25519_i64.o
__aeabi_memclr8                                   /root/BOLOS_ENV/gcc-arm-none-eabi-5_3-2016q1/bin/../lib/gcc/arm-none-eabi/5.3.1/../../../../arm-none-eabi/lib/armv6-m/libc.a(lib_a-aeabi_memclr.o)
__aeabi_memcpy                                    /root/BOLOS_ENV/gcc-arm-none-eabi-5_3-2016q1/bin/../lib/gcc/arm-none-eabi/5.3.1/../../../../arm-none-eabi/lib/armv6-m/libc.a(lib_a-aeabi_memcpy.o)
                                                  obj/curve25519_i64.o
__aeabi_memcpy4                                   /root/BOLOS_ENV/gcc-arm-none-eabi-5_3-2016q1/bin/../lib/gcc/arm-none-eabi/5.3.1/../../../../arm-none-eabi/lib/armv6-m/libc.a(lib_a-aeabi_memcpy.o)
__aeabi_memcpy8                                   /root/BOLOS_ENV/gcc-arm-none-eabi-5_3-2016q1/bin/../lib/gcc/arm-none-eabi/5.3.1/../../../../arm-none-eabi/lib/armv6-m/libc.a(lib_a-aeabi_memcpy.o)
__aeabi_memset                                    /root/BOLOS_ENV/gcc-arm-none-eabi-5_3-2016q1/bin/../lib/gcc/arm-none-eabi/5.3.1/../../../../arm-none-eabi/lib/armv6-m/libc.a(lib_a-aeabi_memset.o)
                                                  /root/BOLOS_ENV/gcc-arm-none-eabi-5_3-2016q1/bin/../lib/gcc/arm-none-eabi/5.3.1/../../../../arm-none-eabi/lib/armv6-m/libc.a(lib_a-aeabi_memclr.o)
                                                  obj/os_printf.o
                                                  obj/os.o
__aeabi_memset4                                   /root/BOLOS_ENV/gcc-arm-none-eabi-5_3-2016q1/bin/../lib/gcc/arm-none-eabi/5.3.1/../../../../arm-none-eabi/lib/armv6-m/libc.a(lib_a-aeabi_memset.o)
__aeabi_memset8                                   /root/BOLOS_ENV/gcc-arm-none-eabi-5_3-2016q1/bin/../lib/gcc/arm-none-eabi/5.3.1/../../../../arm-none-eabi/lib/armv6-m/libc.a(lib_a-aeabi_memset.o)
__aeabi_uidiv                                     /root/BOLOS_ENV/gcc-arm-none-eabi-5_3-2016q1/bin/../lib/gcc/arm-none-eabi/5.3.1/armv6-m/libgcc.a(_udivsi3.o)
                                                  obj/os_printf.o
                                                  obj/os_io_seproxyhal.o
                                                  obj/curve25519_i64.o
__aeabi_uidivmod                                  /root/BOLOS_ENV/gcc-arm-none-eabi-5_3-2016q1/bin/../lib/gcc/arm-none-eabi/5.3.1/armv6-m/libgcc.a(_udivsi3.o)
                                                  obj/usbd_core.o
                                                  obj/os_printf.o
                                                  obj/os_io_seproxyhal.o
__muldi3                                          /root/BOLOS_ENV/gcc-arm-none-eabi-5_3-2016q1/bin/../lib/gcc/arm-none-eabi/5.3.1/armv6-m/libgcc.a(_muldi3.o)
__udivsi3                                         /root/BOLOS_ENV/gcc-arm-none-eabi-5_3-2016q1/bin/../lib/gcc/arm-none-eabi/5.3.1/armv6-m/libgcc.a(_udivsi3.o)
_envram                                           obj/pic.o
_nvram                                            obj/pic.o
bagl_label_roundtrip_duration_ms                  obj/os_io_seproxyhal.o
bagl_label_roundtrip_duration_ms_buf              obj/os_io_seproxyhal.o
check_api_level                                   obj/syscalls.o
                                                  obj/os_io_seproxyhal.o
clear_element                                     obj/os_io_seproxyhal.o
core25519                                         obj/curve25519_i64.o
                                                  obj/main.o
cx_aes                                            obj/syscalls.o
                                                  obj/cx_compliance_141.o
cx_aes_X                                          obj/cx_compliance_141.o
cx_aes_init_key                                   obj/syscalls.o
cx_aes_iv                                         obj/syscalls.o
                                                  obj/cx_compliance_141.o
cx_aes_iv_X                                       obj/cx_compliance_141.o
cx_blake2b_init                                   obj/syscalls.o
cx_blake2b_init2                                  obj/syscalls.o
cx_crc16                                          obj/syscalls.o
cx_crc16_update                                   obj/syscalls.o
cx_des                                            obj/syscalls.o
                                                  obj/cx_compliance_141.o
cx_des_X                                          obj/cx_compliance_141.o
cx_des_init_key                                   obj/syscalls.o
cx_des_iv                                         obj/syscalls.o
                                                  obj/cx_compliance_141.o
cx_des_iv_X                                       obj/cx_compliance_141.o
cx_ecdh                                           obj/syscalls.o
                                                  obj/cx_compliance_141.o
cx_ecdh_X                                         obj/cx_compliance_141.o
cx_ecdsa_sign                                     obj/syscalls.o
                                                  obj/cx_compliance_141.o
cx_ecdsa_sign_X                                   obj/cx_compliance_141.o
cx_ecdsa_verify                                   obj/syscalls.o
cx_ecfp_add_point                                 obj/syscalls.o
                                                  obj/cx_compliance_141.o
cx_ecfp_add_point_X                               obj/cx_compliance_141.o
cx_ecfp_generate_pair                             obj/syscalls.o
                                                  obj/main.o
cx_ecfp_generate_pair2                            obj/syscalls.o
cx_ecfp_init_private_key                          obj/syscalls.o
cx_ecfp_init_public_key                           obj/syscalls.o
cx_ecfp_is_cryptographic_point                    obj/syscalls.o
                                                  obj/cx_compliance_141.o
cx_ecfp_is_cryptographic_point_X                  obj/cx_compliance_141.o
cx_ecfp_is_valid_point                            obj/syscalls.o
                                                  obj/cx_compliance_141.o
cx_ecfp_is_valid_point_X                          obj/cx_compliance_141.o
cx_ecfp_scalar_mult                               obj/syscalls.o
                                                  obj/cx_compliance_141.o
cx_ecfp_scalar_mult_X                             obj/cx_compliance_141.o
cx_ecschnorr_sign                                 obj/syscalls.o
                                                  obj/cx_compliance_141.o
cx_ecschnorr_sign_X                               obj/cx_compliance_141.o
cx_ecschnorr_verify                               obj/syscalls.o
cx_eddsa_get_public_key                           obj/syscalls.o
                                                  obj/cx_compliance_141.o
cx_eddsa_get_public_key_X                         obj/cx_compliance_141.o
cx_eddsa_sign                                     obj/syscalls.o
                                                  obj/cx_compliance_141.o
cx_eddsa_sign_X                                   obj/cx_compliance_141.o
cx_eddsa_verify                                   obj/syscalls.o
cx_edward_compress_point                          obj/syscalls.o
                                                  obj/cx_compliance_141.o
cx_edward_compress_point_X                        obj/cx_compliance_141.o
cx_edward_decompress_point                        obj/syscalls.o
                                                  obj/cx_compliance_141.o
cx_edward_decompress_point_X                      obj/cx_compliance_141.o
cx_groestl_init                                   obj/syscalls.o
cx_hash                                           obj/syscalls.o
                                                  obj/cx_compliance_141.o
cx_hash_X                                         obj/cx_compliance_141.o
                                                  obj/main.o
cx_hash_sha256                                    obj/syscalls.o
                                                  obj/cx_compliance_141.o
cx_hash_sha256_X                                  obj/cx_compliance_141.o
cx_hash_sha512                                    obj/syscalls.o
                                                  obj/cx_compliance_141.o
cx_hash_sha512_X                                  obj/cx_compliance_141.o
cx_hmac                                           obj/syscalls.o
                                                  obj/cx_compliance_141.o
cx_hmac_X                                         obj/cx_compliance_141.o
cx_hmac_ripemd160_init                            obj/syscalls.o
cx_hmac_sha256                                    obj/syscalls.o
                                                  obj/cx_compliance_141.o
cx_hmac_sha256_X                                  obj/cx_compliance_141.o
cx_hmac_sha256_init                               obj/syscalls.o
cx_hmac_sha512                                    obj/syscalls.o
                                                  obj/cx_compliance_141.o
cx_hmac_sha512_X                                  obj/cx_compliance_141.o
cx_hmac_sha512_init                               obj/syscalls.o
cx_keccak_init                                    obj/syscalls.o
cx_math_add                                       obj/syscalls.o
cx_math_addm                                      obj/syscalls.o
cx_math_cmp                                       obj/syscalls.o
cx_math_invintm                                   obj/syscalls.o
cx_math_invprimem                                 obj/syscalls.o
cx_math_is_prime                                  obj/syscalls.o
cx_math_is_zero                                   obj/syscalls.o
cx_math_modm                                      obj/syscalls.o
cx_math_mult                                      obj/syscalls.o
cx_math_multm                                     obj/syscalls.o
cx_math_next_prime                                obj/syscalls.o
cx_math_powm                                      obj/syscalls.o
cx_math_sub                                       obj/syscalls.o
cx_math_subm                                      obj/syscalls.o
cx_pbkdf2_sha512                                  obj/syscalls.o
cx_ripemd160_init                                 obj/syscalls.o
cx_rng                                            obj/syscalls.o
                                                  obj/os.o
cx_rng_rfc6979                                    obj/syscalls.o
                                                  obj/cx_compliance_141.o
cx_rng_rfc6979_X                                  obj/cx_compliance_141.o
cx_rng_u8                                         obj/syscalls.o
cx_rsa_decrypt                                    obj/syscalls.o
cx_rsa_encrypt                                    obj/syscalls.o
cx_rsa_generate_pair                              obj/syscalls.o
                                                  obj/cx_compliance_141.o
cx_rsa_generate_pair_X                            obj/cx_compliance_141.o
cx_rsa_init_private_key                           obj/syscalls.o
                                                  obj/cx_compliance_141.o
cx_rsa_init_private_key_X                         obj/cx_compliance_141.o
cx_rsa_init_public_key                            obj/syscalls.o
                                                  obj/cx_compliance_141.o
cx_rsa_init_public_key_X                          obj/cx_compliance_141.o
cx_rsa_sign                                       obj/syscalls.o
cx_rsa_verify                                     obj/syscalls.o
cx_sha224_init                                    obj/syscalls.o
cx_sha256_init                                    obj/syscalls.o
                                                  obj/main.o
cx_sha384_init                                    obj/syscalls.o
cx_sha3_init                                      obj/syscalls.o
cx_sha3_xof_init                                  obj/syscalls.o
cx_sha512_init                                    obj/syscalls.o
debug_printf                                      obj/os_io_seproxyhal.o
debug_wait_displayed                              obj/os_io_seproxyhal.o
ep_in_stall                                       obj/usbd_conf.o
ep_out_stall                                      obj/usbd_conf.o
io_event                                          obj/main.o
                                                  obj/os_io_seproxyhal.o
io_exchange                                       obj/os_io_seproxyhal.o
                                                  obj/main.o
io_exchange_al                                    obj/main.o
                                                  obj/os_io_seproxyhal.o
io_seproxyhal_backlight                           obj/os_io_seproxyhal.o
io_seproxyhal_button_push                         obj/os_io_seproxyhal.o
                                                  obj/main.o
io_seproxyhal_disable_io                          obj/os_io_seproxyhal.o
io_seproxyhal_display                             obj/main.o
                                                  obj/os_io_seproxyhal.o
io_seproxyhal_display_bitmap                      obj/os_io_seproxyhal.o
io_seproxyhal_display_default                     obj/os_io_seproxyhal.o
                                                  obj/main.o
io_seproxyhal_display_icon                        obj/os_io_seproxyhal.o
io_seproxyhal_general_status                      obj/os_io_seproxyhal.o
                                                  obj/main.o
io_seproxyhal_get_ep_rx_size                      obj/os_io_seproxyhal.o
                                                  obj/usbd_impl.o
io_seproxyhal_handle_bluenrg_event                obj/os_io_seproxyhal.o
io_seproxyhal_handle_capdu_event                  obj/os_io_seproxyhal.o
io_seproxyhal_handle_event                        obj/os_io_seproxyhal.o
io_seproxyhal_handle_usb_ep_xfer_event            obj/os_io_seproxyhal.o
io_seproxyhal_handle_usb_event                    obj/os_io_seproxyhal.o
io_seproxyhal_init                                obj/os_io_seproxyhal.o
                                                  obj/main.o
io_seproxyhal_init_button                         obj/os_io_seproxyhal.o
                                                  obj/main.o
io_seproxyhal_init_ux                             obj/os_io_seproxyhal.o
                                                  obj/main.o
io_seproxyhal_power_off                           obj/os_io_seproxyhal.o
io_seproxyhal_request_mcu_status                  obj/os_io_seproxyhal.o
io_seproxyhal_se_reset                            obj/os_io_seproxyhal.o
io_seproxyhal_setup_ticker                        obj/os_io_seproxyhal.o
io_seproxyhal_spi_is_status_sent                  obj/syscalls.o
                                                  obj/os_io_seproxyhal.o
                                                  obj/main.o
io_seproxyhal_spi_recv                            obj/syscalls.o
                                                  obj/os_io_seproxyhal.o
                                                  obj/main.o
io_seproxyhal_spi_send                            obj/syscalls.o
                                                  obj/usbd_conf.o
                                                  obj/os_io_seproxyhal.o
                                                  obj/main.o
io_seproxyhal_touch                               obj/os_io_seproxyhal.o
io_seproxyhal_touch_element_callback              obj/os_io_seproxyhal.o
                                                  obj/main.o
io_seproxyhal_touch_out                           obj/os_io_seproxyhal.o
io_seproxyhal_touch_over                          obj/os_io_seproxyhal.o
io_seproxyhal_touch_tap                           obj/os_io_seproxyhal.o
io_usb_hid_init                                   obj/os.o
                                                  obj/os_io_seproxyhal.o
io_usb_hid_receive                                obj/os.o
                                                  obj/usbd_impl.o
io_usb_hid_send                                   obj/os.o
                                                  obj/os_io_seproxyhal.o
io_usb_hid_sent                                   obj/os.o
                                                  obj/usbd_impl.o
io_usb_send_apdu_data                             obj/os_io_seproxyhal.o
                                                  obj/usbd_impl.o